Component: ARM Compiler 5.06 update 7 (build 960) Tool: armlink [4d3601]

==============================================================================

Section Cross References

    system_stm32f10x.o(.text) refers to system_stm32f10x.o(.data) for SystemCoreClock
    startup_stm32f10x_md.o(RESET) refers to startup_stm32f10x_md.o(STACK) for __initial_sp
    startup_stm32f10x_md.o(RESET) refers to startup_stm32f10x_md.o(.text) for Reset_Handler
    startup_stm32f10x_md.o(RESET) refers to port.o(.emb_text) for vPortSVCHandler
    startup_stm32f10x_md.o(RESET) refers to port.o(.text) for xPortSysTickHandler
    startup_stm32f10x_md.o(RESET) refers to usart3.o(.text) for TIM2_IRQHandler
    startup_stm32f10x_md.o(RESET) refers to adc.o(.text) for TIM3_IRQHandler
    startup_stm32f10x_md.o(RESET) refers to usart2.o(.text) for TIM4_IRQHandler
    startup_stm32f10x_md.o(RESET) refers to main.o(.text) for USART1_IRQHandler
    startup_stm32f10x_md.o(.text) refers to system_stm32f10x.o(.text) for SystemInit
    startup_stm32f10x_md.o(.text) refers to entry.o(.ARM.Collect$$$$00000000) for __main
    stm32f10x_adc.o(.text) refers to stm32f10x_rcc.o(.text) for RCC_APB2PeriphResetCmd
    stm32f10x_bkp.o(.text) refers to stm32f10x_rcc.o(.text) for RCC_BackupResetCmd
    stm32f10x_can.o(.text) refers to stm32f10x_rcc.o(.text) for RCC_APB1PeriphResetCmd
    stm32f10x_cec.o(.text) refers to stm32f10x_rcc.o(.text) for RCC_APB1PeriphResetCmd
    stm32f10x_dac.o(.text) refers to stm32f10x_rcc.o(.text) for RCC_APB1PeriphResetCmd
    stm32f10x_gpio.o(.text) refers to stm32f10x_rcc.o(.text) for RCC_APB2PeriphResetCmd
    stm32f10x_i2c.o(.text) refers to stm32f10x_rcc.o(.text) for RCC_APB1PeriphResetCmd
    stm32f10x_pwr.o(.text) refers to stm32f10x_rcc.o(.text) for RCC_APB1PeriphResetCmd
    stm32f10x_rcc.o(.text) refers to stm32f10x_rcc.o(.data) for APBAHBPrescTable
    stm32f10x_spi.o(.text) refers to stm32f10x_rcc.o(.text) for RCC_APB2PeriphResetCmd
    stm32f10x_tim.o(.text) refers to stm32f10x_rcc.o(.text) for RCC_APB2PeriphResetCmd
    stm32f10x_usart.o(.text) refers to stm32f10x_rcc.o(.text) for RCC_APB2PeriphResetCmd
    stm32f10x_wwdg.o(.text) refers to stm32f10x_rcc.o(.text) for RCC_APB1PeriphResetCmd
    queue.o(.text) refers to port.o(.text) for vPortEnterCritical
    queue.o(.text) refers to tasks.o(.text) for xTaskRemoveFromEventList
    queue.o(.text) refers to list.o(.text) for vListInitialise
    queue.o(.text) refers to heap_4.o(.text) for pvPortMalloc
    queue.o(.text) refers to memcpya.o(.text) for __aeabi_memcpy
    tasks.o(.text) refers to list.o(.text) for vListInitialise
    tasks.o(.text) refers to port.o(.text) for vPortEnterCritical
    tasks.o(.text) refers to heap_4.o(.text) for pvPortMalloc
    tasks.o(.text) refers to tasks.o(.bss) for pxReadyTasksLists
    tasks.o(.text) refers to tasks.o(.data) for pxDelayedTaskList
    port.o(.emb_text) refers to tasks.o(.text) for vTaskSwitchContext
    port.o(.emb_text) refers to tasks.o(.data) for pxCurrentTCB
    port.o(.text) refers to port.o(.emb_text) for __asm___6_port_c_39a90d8d__prvStartFirstTask
    port.o(.text) refers to tasks.o(.text) for xTaskIncrementTick
    port.o(.text) refers to port.o(.data) for uxCriticalNesting
    heap_4.o(.text) refers to tasks.o(.text) for vTaskSuspendAll
    heap_4.o(.text) refers to port.o(.text) for vPortEnterCritical
    heap_4.o(.text) refers to heap_4.o(.data) for xStart
    heap_4.o(.text) refers to heap_4.o(.bss) for ucHeap
    usart1.o(.text) refers to stm32f10x_rcc.o(.text) for RCC_APB2PeriphClockCmd
    usart1.o(.text) refers to misc.o(.text) for NVIC_PriorityGroupConfig
    usart1.o(.text) refers to stm32f10x_gpio.o(.text) for GPIO_Init
    usart1.o(.text) refers to stm32f10x_usart.o(.text) for USART_ITConfig
    usart2.o(.text) refers to stm32f10x_tim.o(.text) for TIM_SetCounter
    usart2.o(.text) refers to stm32f10x_rcc.o(.text) for RCC_APB1PeriphClockCmd
    usart2.o(.text) refers to misc.o(.text) for NVIC_Init
    usart2.o(.text) refers to stm32f10x_gpio.o(.text) for GPIO_Init
    usart2.o(.text) refers to stm32f10x_usart.o(.text) for USART_Init
    usart2.o(.text) refers to strlen.o(.text) for strlen
    usart2.o(.text) refers to strstr.o(.text) for strstr
    usart2.o(.text) refers to memseta.o(.text) for __aeabi_memclr
    usart2.o(.text) refers to strtod.o(i.strtod) for strtod
    usart2.o(.text) refers to d2f.o(.text) for __aeabi_d2f
    usart2.o(.text) refers to usart3.o(.text) for Float_To_U32
    usart2.o(.text) refers to usart2.o(.data) for uart2_r_Flg
    usart2.o(.text) refers to usart2.o(.bss) for USART2_RX_BUF
    usart3.o(.text) refers to stm32f10x_rcc.o(.text) for RCC_APB1PeriphClockCmd
    usart3.o(.text) refers to stm32f10x_tim.o(.text) for TIM_TimeBaseInit
    usart3.o(.text) refers to misc.o(.text) for NVIC_Init
    usart3.o(.text) refers to stm32f10x_gpio.o(.text) for GPIO_Init
    usart3.o(.text) refers to stm32f10x_usart.o(.text) for USART_Init
[...]
    printf7.o(i._printf_core) refers to printf7.o(i._printf_post_padding) for _printf_post_padding
    printf8.o(i.__0fprintf$8) refers to printf8.o(i._printf_core) for _printf_core
    printf8.o(i.__0fprintf$8) refers to usart1.o(.text) for fputc
    printf8.o(i.__0printf$8) refers to printf8.o(i._printf_core) for _printf_core
    printf8.o(i.__0printf$8) refers to usart1.o(.text) for fputc
    printf8.o(i.__0printf$8) refers to stdout.o(.data) for __stdout
    printf8.o(i.__0snprintf$8) refers to printf8.o(i._printf_core) for _printf_core
    printf8.o(i.__0snprintf$8) refers to printf8.o(i._snputc) for _snputc
    printf8.o(i.__0sprintf$8) refers to printf8.o(i._printf_core) for _printf_core
    printf8.o(i.__0sprintf$8) refers to printf8.o(i._sputc) for _sputc
    printf8.o(i.__0vfprintf$8) refers to printf8.o(i._printf_core) for _printf_core
    printf8.o(i.__0vfprintf$8) refers to usart1.o(.text) for fputc
    printf8.o(i.__0vprintf$8) refers to printf8.o(i._printf_core) for _printf_core
    printf8.o(i.__0vprintf$8) refers to usart1.o(.text) for fputc
    printf8.o(i.__0vprintf$8) refers to stdout.o(.data) for __stdout
    printf8.o(i.__0vsnprintf$8) refers to printf8.o(i._printf_core) for _printf_core
    printf8.o(i.__0vsnprintf$8) refers to printf8.o(i._snputc) for _snputc
    printf8.o(i.__0vsprintf$8) refers to printf8.o(i._printf_core) for _printf_core
    printf8.o(i.__0vsprintf$8) refers to printf8.o(i._sputc) for _sputc
    printf8.o(i._printf_core) refers to printf8.o(i._printf_pre_padding) for _printf_pre_padding
    printf8.o(i._printf_core) refers to uldiv.o(.text) for __aeabi_uldivmod
    printf8.o(i._printf_core) refers to printf8.o(i._printf_post_padding) for _printf_post_padding
    printfa.o(i.__0fprintf) refers (Special) to iusefp.o(.text) for __I$use$fp
    printfa.o(i.__0fprintf) refers to printfa.o(i._printf_core) for _printf_core
    printfa.o(i.__0fprintf) refers to usart1.o(.text) for fputc
    printfa.o(i.__0printf) refers (Special) to iusefp.o(.text) for __I$use$fp
    printfa.o(i.__0printf) refers to printfa.o(i._printf_core) for _printf_core
    printfa.o(i.__0printf) refers to usart1.o(.text) for fputc
    printfa.o(i.__0printf) refers to stdout.o(.data) for __stdout
    printfa.o(i.__0snprintf) refers (Special) to iusefp.o(.text) for __I$use$fp
    printfa.o(i.__0snprintf) refers to printfa.o(i._printf_core) for _printf_core
    printfa.o(i.__0snprintf) refers to printfa.o(i._snputc) for _snputc
    printfa.o(i.__0sprintf) refers (Special) to iusefp.o(.text) for __I$use$fp
    printfa.o(i.__0sprintf) refers to printfa.o(i._printf_core) for _printf_core
    printfa.o(i.__0sprintf) refers to printfa.o(i._sputc) for _sputc
    printfa.o(i.__0vfprintf) refers (Special) to iusefp.o(.text) for __I$use$fp
    printfa.o(i.__0vfprintf) refers to printfa.o(i._printf_core) for _printf_core
    printfa.o(i.__0vfprintf) refers to usart1.o(.text) for fputc
    printfa.o(i.__0vprintf) refers (Special) to iusefp.o(.text) for __I$use$fp
    printfa.o(i.__0vprintf) refers to printfa.o(i._printf_core) for _printf_core
    printfa.o(i.__0vprintf) refers to usart1.o(.text) for fputc
    printfa.o(i.__0vprintf) refers to stdout.o(.data) for __stdout
    printfa.o(i.__0vsnprintf) refers (Special) to iusefp.o(.text) for __I$use$fp
    printfa.o(i.__0vsnprintf) refers to printfa.o(i._printf_core) for _printf_core
    printfa.o(i.__0vsnprintf) refers to printfa.o(i._snputc) for _snputc
    printfa.o(i.__0vsprintf) refers (Special) to iusefp.o(.text) for __I$use$fp
    printfa.o(i.__0vsprintf) refers to printfa.o(i._printf_core) for _printf_core
    printfa.o(i.__0vsprintf) refers to printfa.o(i._sputc) for _sputc
    printfa.o(i._fp_digits) refers (Special) to iusefp.o(.text) for __I$use$fp
    printfa.o(i._fp_digits) refers to dmul.o(.text) for __aeabi_dmul
    printfa.o(i._fp_digits) refers to ddiv.o(.text) for __aeabi_ddiv
    printfa.o(i._fp_digits) refers to cdrcmple.o(.text) for __aeabi_cdrcmple
    printfa.o(i._fp_digits) refers to dadd.o(.text) for __aeabi_dadd
    printfa.o(i._fp_digits) refers to dfixul.o(.text) for __aeabi_d2ulz
    printfa.o(i._fp_digits) refers to uldiv.o(.text) for __aeabi_uldivmod
    printfa.o(i._printf_core) refers (Special) to iusefp.o(.text) for __I$use$fp
    printfa.o(i._printf_core) refers to printfa.o(i._printf_pre_padding) for _printf_pre_padding
    printfa.o(i._printf_core) refers to uldiv.o(.text) for __aeabi_uldivmod
    printfa.o(i._printf_core) refers to printfa.o(i._printf_post_padding) for _printf_post_padding
    printfa.o(i._printf_core) refers to printfa.o(i._fp_digits) for _fp_digits
    printfa.o(i._printf_core) refers to uidiv.o(.text) for __aeabi_uidivmod
    printfa.o(i._printf_post_padding) refers (Special) to iusefp.o(.text) for __I$use$fp
    printfa.o(i._printf_pre_padding) refers (Special) to iusefp.o(.text) for __I$use$fp
    printfa.o(i._snputc) refers (Special) to iusefp.o(.text) for __I$use$fp
    printfa.o(i._sputc) refers (Special) to iusefp.o(.text) for __I$use$fp
    dmul.o(.text) refers (Special) to iusefp.o(.text) for __I$use$fp
    dmul.o(.text) refers to depilogue.o(.text) for _double_epilogue
    ddiv.o(.text) refers (Special) to iusefp.o(.text) for __I$use$fp
    ddiv.o(.text) refers to depilogue.o(.text) for _double_round
    dfltui.o(.text) refers (Special) to iusefp.o(.text) for __I$use$fp
    dfltui.o(.text) refers to depilogue.o(.text) for _double_epilogue
    d2f.o(.text) refers (Special) to iusefp.o(.text) for __I$use$fp
    d2f.o(.text) refers to fepilogue.o(.text) for _float_round
    entry2.o(.ARM.Collect$$$$00000001) refers to entry2.o(.ARM.Collect$$$$00002712) for __lit__00000000
    entry2.o(.ARM.Collect$$$$00002712) refers to startup_stm32f10x_md.o(STACK) for __initial_sp
    entry2.o(__vectab_stack_and_reset_area) refers to startup_stm32f10x_md.o(STACK) for __initial_sp
    entry2.o(__vectab_stack_and_reset_area) refers to entry.o(.ARM.Collect$$$$00000000) for __main
    entry5.o(.ARM.Collect$$$$00000004) refers to init.o(.text) for __scatterload
    entry9a.o(.ARM.Collect$$$$0000000B) refers to main.o(.text) for main
    entry9b.o(.ARM.Collect$$$$0000000C) refers to main.o(.text) for main
    uldiv.o(.text) refers to llushr.o(.text) for __aeabi_llsr
    uldiv.o(.text) refers to llshl.o(.text) for __aeabi_llsl
    strtod.o(.text) refers to scanf_fp.o(.text) for _scanf_real
    strtod.o(.text) refers to _sgetc.o(.text) for _sgetc
    strtod.o(.text) refers to isspace_c.o(.text) for isspace
    depilogue.o(.text) refers to llshl.o(.text) for __aeabi_llsl
    depilogue.o(.text) refers to llushr.o(.text) for __aeabi_llsr
    dadd.o(.text) refers to llshl.o(.text) for __aeabi_llsl
    dadd.o(.text) refers to llsshr.o(.text) for __aeabi_lasr
    dadd.o(.text) refers to depilogue.o(.text) for _double_epilogue
    dfixul.o(.text) refers to llushr.o(.text) for __aeabi_llsr
    dfixul.o(.text) refers to llshl.o(.text) for __aeabi_llsl
    init.o(.text) refers to entry5.o(.ARM.Collect$$$$00000004) for __main_after_scatterload
    isspace_c.o(.text) refers to ctype_c.o(.text) for __ctype_lookup
    scanf_fp.o(.text) refers (Special) to iusefp.o(.text) for __I$use$fp
    scanf_fp.o(.text) refers to dfltul.o(.text) for __aeabi_ul2d
    scanf_fp.o(.text) refers to dmul.o(.text) for __aeabi_dmul
    scanf_fp.o(.text) refers to ddiv.o(.text) for __aeabi_ddiv
    scanf_fp.o(.text) refers to scanf_fp.o(i._is_digit) for _is_digit
    scanf_fp.o(.text) refers to d2f.o(.text) for __aeabi_d2f
    ctype_c.o(.text) refers to ctype_c.o(.constdata) for .constdata
    dfltul.o(.text) refers to depilogue.o(.text) for _double_epilogue
    scanf_fp.o(i._is_digit) refers (Special) to iusefp.o(.text) for __I$use$fp


==============================================================================

Removing Unused input sections from the image.

    Removing core_cm3.o(.emb_text), (32 bytes).
    Removing startup_stm32f10x_md.o(HEAP), (512 bytes).
    Removing stm32f10x_bkp.o(.text), (196 bytes).
    Removing stm32f10x_can.o(.text), (2544 bytes).
    Removing stm32f10x_cec.o(.text), (288 bytes).
    Removing stm32f10x_crc.o(.text), (72 bytes).
    Removing stm32f10x_dac.o(.text), (396 bytes).
    Removing stm32f10x_dbgmcu.o(.text), (48 bytes).
    Removing stm32f10x_exti.o(.text), (284 bytes).
    Removing stm32f10x_flash.o(.text), (1468 bytes).
    Removing stm32f10x_fsmc.o(.text), (1548 bytes).
    Removing stm32f10x_i2c.o(.text), (1028 bytes).
    Removing stm32f10x_iwdg.o(.text), (64 bytes).
    Removing stm32f10x_pwr.o(.text), (204 bytes).
    Removing stm32f10x_rtc.o(.text), (328 bytes).
    Removing stm32f10x_sdio.o(.text), (468 bytes).
    Removing stm32f10x_spi.o(.text), (780 bytes).
    Removing stm32f10x_wwdg.o(.text), (136 bytes).
    Removing queue.o(.text), (2144 bytes).
    Removing main.o(.bss), (44 bytes).
    Removing main.o(.conststring), (42 bytes).
    Removing main.o(.data), (20 bytes).
    Removing dadd.o(.text), (334 bytes).
    Removing dfixul.o(.text), (48 bytes).
    Removing cdrcmple.o(.text), (48 bytes).

25 unused section(s) (total 13076 bytes) removed from the image.

==============================================================================

Image Symbol Table

    Local Symbols

    Symbol Name                              Value     Ov Type        Size  Object(Section)

    ../clib/microlib/ctype/ctype.c           0x00000000   Number         0  isspace_c.o ABSOLUTE
    ../clib/microlib/ctype/ctype.c           0x00000000   Number         0  ctype_c.o ABSOLUTE
    ../clib/microlib/division.c              0x00000000   Number         0  uidiv.o ABSOLUTE
    ../clib/microlib/division.c              0x00000000   Number         0  uldiv.o ABSOLUTE
    ../clib/microlib/init/entry.s            0x00000000   Number         0  entry8a.o ABSOLUTE
    ../clib/microlib/init/entry.s            0x00000000   Number         0  entry.o ABSOLUTE
    ../clib/microlib/init/entry.s            0x00000000   Number         0  entry10b.o ABSOLUTE
    ../clib/microlib/init/entry.s            0x00000000   Number         0  entry12a.o ABSOLUTE
    ../clib/microlib/init/entry.s            0x00000000   Number         0  entry2.o ABSOLUTE
    ../clib/microlib/init/entry.s            0x00000000   Number         0  entry12b.o ABSOLUTE
    ../clib/microlib/init/entry.s            0x00000000   Number         0  entry10a.o ABSOLUTE
    ../clib/microlib/init/entry.s            0x00000000   Number         0  entry7a.o ABSOLUTE
    ../clib/microlib/init/entry.s            0x00000000   Number         0  entry11b.o ABSOLUTE
    ../clib/microlib/init/entry.s            0x00000000   Number         0  entry7b.o ABSOLUTE
    ../clib/microlib/init/entry.s            0x00000000   Number         0  entry8b.o ABSOLUTE
    ../clib/microlib/init/entry.s            0x00000000   Number         0  entry5.o ABSOLUTE
    ../clib/microlib/init/entry.s            0x00000000   Number         0  entry11a.o ABSOLUTE
    ../clib/microlib/init/entry.s            0x00000000   Number         0  entry9a.o ABSOLUTE
    ../clib/microlib/init/entry.s            0x00000000   Number         0  entry9b.o ABSOLUTE
    ../clib/microlib/longlong.c              0x00000000   Number         0  llsshr.o ABSOLUTE
    ../clib/microlib/longlong.c              0x00000000   Number         0  llushr.o ABSOLUTE
    ../clib/microlib/longlong.c              0x00000000   Number         0  llshl.o ABSOLUTE
    ../clib/microlib/printf/printf.c         0x00000000   Number         0  printfb.o ABSOLUTE
    ../clib/microlib/printf/printf.c         0x00000000   Number         0  printf4.o ABSOLUTE
    ../clib/microlib/printf/printf.c         0x00000000   Number         0  printfa.o ABSOLUTE
    ../clib/microlib/printf/printf.c         0x00000000   Number         0  printf8.o ABSOLUTE
    ../clib/microlib/printf/printf.c         0x00000000   Number         0  printf1.o ABSOLUTE
    ../clib/microlib/printf/printf.c         0x00000000   Number         0  printf7.o ABSOLUTE
    ../clib/microlib/printf/printf.c         0x00000000   Number         0  printf6.o ABSOLUTE
    ../clib/microlib/printf/printf.c         0x00000000   Number         0  printf5.o ABSOLUTE
    ../clib/microlib/printf/printf.c         0x00000000   Number         0  printf3.o ABSOLUTE
    ../clib/microlib/printf/printf.c         0x00000000   Number         0  printf2.o ABSOLUTE
    ../clib/microlib/printf/printf.c         0x00000000   Number         0  printf0.o ABSOLUTE
    ../clib/microlib/printf/stubs.s          0x00000000   Number         0  stubs.o ABSOLUTE
    ../clib/microlib/stdio/streams.c         0x00000000   Number         0  stdout.o ABSOLUTE
    ../clib/microlib/string/memcpy.c         0x00000000   Number         0  memcpya.o ABSOLUTE
    ../clib/microlib/string/memcpy.c         0x00000000   Number         0  memcpyb.o ABSOLUTE
    ../clib/microlib/string/memset.c         0x00000000   Number         0  memseta.o ABSOLUTE
    ../clib/microlib/string/strlen.c         0x00000000   Number         0  strlen.o ABSOLUTE
    ../clib/microlib/string/strstr.c         0x00000000   Number         0  strstr.o ABSOLUTE
    ../clib/microlib/stubs.s                 0x00000000   Number         0  iusefp.o ABSOLUTE
    ../clib/scanf.c                          0x00000000   Number         0  strtod.o ABSOLUTE
    ../clib/scanf.c                          0x00000000   Number         0  scanf_fp.o ABSOLUTE
    ../clib/scanf.c                          0x00000000   Number         0  _sgetc.o ABSOLUTE
    ../fplib/microlib/d2f.c                  0x00000000   Number         0  d2f.o ABSOLUTE
    ../fplib/microlib/fpadd.c                0x00000000   Number         0  dadd.o ABSOLUTE
    ../fplib/microlib/fpdiv.c                0x00000000   Number         0  ddiv.o ABSOLUTE
    ../fplib/microlib/fpepilogue.c           0x00000000   Number         0  fepilogue.o ABSOLUTE
    ../fplib/microlib/fpepilogue.c           0x00000000   Number         0  depilogue.o ABSOLUTE
    ../fplib/microlib/fpfix.c                0x00000000   Number         0  dfixul.o ABSOLUTE
    ../fplib/microlib/fpflt.c                0x00000000   Number         0  dfltui.o ABSOLUTE
    ../fplib/microlib/fpflt.c                0x00000000   Number         0  dfltul.o ABSOLUTE
    ../fplib/microlib/fpmul.c                0x00000000   Number         0  dmul.o ABSOLUTE
    ../mathlib/strtod.c                      0x00000000   Number         0  strtod.o ABSOLUTE
    ..\Basic\adc\adc.c                       0x00000000   Number         0  adc.o ABSOLUTE
    ..\Basic\led\led.c                       0x00000000   Number         0  led.o ABSOLUTE
    ..\Basic\usart\usart1.c                  0x00000000   Number         0  usart1.o ABSOLUTE
    ..\Basic\usart\usart2.c                  0x00000000   Number         0  usart2.o ABSOLUTE
    ..\Basic\usart\usart3.c                  0x00000000   Number         0  usart3.o ABSOLUTE
    ..\CMSIS\core_cm3.c                      0x00000000   Number         0  core_cm3.o ABSOLUTE
    ..\CMSIS\startup_stm32f10x_md.s          0x00000000   Number         0  startup_stm32f10x_md.o ABSOLUTE
    ..\CMSIS\system_stm32f10x.c              0x00000000   Number         0  system_stm32f10x.o ABSOLUTE
    ..\FreeRTOS\Source\list.c                0x00000000   Number         0  list.o ABSOLUTE
    ..\FreeRTOS\Source\portable\ARM_CM3\port.c 0x00000000   Number         0  port.o ABSOLUTE
    ..\FreeRTOS\Source\portable\MemMang\heap_4.c 0x00000000   Number         0  heap_4.o ABSOLUTE
    ..\FreeRTOS\Source\queue.c               0x00000000   Number         0  queue.o ABSOLUTE
    ..\FreeRTOS\Source\tasks.c               0x00000000   Number         0  tasks.o ABSOLUTE
    ..\STM32F10x_Libs\src\misc.c             0x00000000   Number         0  misc.o ABSOLUTE
    ..\STM32F10x_Libs\src\stm32f10x_adc.c    0x00000000   Number         0  stm32f10x_adc.o ABSOLUTE
    ..\STM32F10x_Libs\src\stm32f10x_bkp.c    0x00000000   Number         0  stm32f10x_bkp.o ABSOLUTE
    ..\STM32F10x_Libs\src\stm32f10x_can.c    0x00000000   Number         0  stm32f10x_can.o ABSOLUTE
    ..\STM32F10x_Libs\src\stm32f10x_cec.c    0x00000000   Number         0  stm32f10x_cec.o ABSOLUTE
    ..\STM32F10x_Libs\src\stm32f10x_crc.c    0x00000000   Number         0  stm32f10x_crc.o ABSOLUTE
    ..\STM32F10x_Libs\src\stm32f10x_dac.c    0x00000000   Number         0  stm32f10x_dac.o ABSOLUTE
    ..\STM32F10x_Libs\src\stm32f10x_dbgmcu.c 0x00000000   Number         0  stm32f10x_dbgmcu.o ABSOLUTE
    ..\STM32F10x_Libs\src\stm32f10x_dma.c    0x00000000   Number         0  stm32f10x_dma.o ABSOLUTE
    ..\STM32F10x_Libs\src\stm32f10x_exti.c   0x00000000   Number         0  stm32f10x_exti.o ABSOLUTE
    ..\STM32F10x_Libs\src\stm32f10x_flash.c  0x00000000   Number         0  stm32f10x_flash.o ABSOLUTE
    ..\STM32F10x_Libs\src\stm32f10x_fsmc.c   0x00000000   Number         0  stm32f10x_fsmc.o ABSOLUTE
    ..\STM32F10x_Libs\src\stm32f10x_gpio.c   0x00000000   Number         0  stm32f10x_gpio.o ABSOLUTE
    ..\STM32F10x_Libs\src\stm32f10x_i2c.c    0x00000000   Number         0  stm32f10x_i2c.o ABSOLUTE
    ..\STM32F10x_Libs\src\stm32f10x_iwdg.c   0x00000000   Number         0  stm32f10x_iwdg.o ABSOLUTE
    ..\STM32F10x_Libs\src\stm32f10x_pwr.c    0x00000000   Number         0  stm32f10x_pwr.o ABSOLUTE
    ..\STM32F10x_Libs\src\stm32f10x_rcc.c    0x00000000   Number         0  stm32f10x_rcc.o ABSOLUTE
    ..\STM32F10x_Libs\src\stm32f10x_rtc.c    0x00000000   Number         0  stm32f10x_rtc.o ABSOLUTE
    ..\STM32F10x_Libs\src\stm32f10x_sdio.c   0x00000000   Number         0  stm32f10x_sdio.o ABSOLUTE
    ..\STM32F10x_Libs\src\stm32f10x_spi.c    0x00000000   Number         0  stm32f10x_spi.o ABSOLUTE
    ..\STM32F10x_Libs\src\stm32f10x_tim.c    0x00000000   Number         0  stm32f10x_tim.o ABSOLUTE
    ..\STM32F10x_Libs\src\stm32f10x_usart.c  0x00000000   Number         0  stm32f10x_usart.o ABSOLUTE
    ..\STM32F10x_Libs\src\stm32f10x_wwdg.c   0x00000000   Number         0  stm32f10x_wwdg.o ABSOLUTE
    ..\User\main.c                           0x00000000   Number         0  main.o ABSOLUTE
    ..\\CMSIS\\core_cm3.c                    0x00000000   Number         0  core_cm3.o ABSOLUTE
    ..\\FreeRTOS\\Source\\portable\\ARM_CM3\\port.c 0x00000000   Number         0  port.o ABSOLUTE
    cdrcmple.s                               0x00000000   Number         0  cdrcmple.o ABSOLUTE
    dc.s                                     0x00000000   Number         0  dc.o ABSOLUTE
    handlers.s                               0x00000000   Number         0  handlers.o ABSOLUTE
    init.s                                   0x00000000   Number         0  init.o ABSOLUTE
    RESET                                    0x08000000   Section      236  startup_stm32f10x_md.o(RESET)
    .ARM.Collect$$$$00000000                 0x080000ec   Section        0  entry.o(.ARM.Collect$$$$00000000)
    .ARM.Collect$$$$00000001                 0x080000ec   Section        4  entry2.o(.ARM.Collect$$$$00000001)
    .ARM.Collect$$$$00000004                 0x080000f0   Section        4  entry5.o(.ARM.Collect$$$$00000004)
    .ARM.Collect$$$$00000008                 0x080000f4   Section        0  entry7b.o(.ARM.Collect$$$$00000008)
    .ARM.Collect$$$$0000000A                 0x080000f4   Section        0  entry8b.o(.ARM.Collect$$$$0000000A)
    .ARM.Collect$$$$0000000B                 0x080000f4   Section        8  entry9a.o(.ARM.Collect$$$$0000000B)
    .ARM.Collect$$$$0000000E                 0x080000fc   Section        4  entry12b.o(.ARM.Collect$$$$0000000E)
    .ARM.Collect$$$$0000000F                 0x08000100   Section        0  entry10a.o(.ARM.Collect$$$$0000000F)
    .ARM.Collect$$$$00000011                 0x08000100   Section        0  entry11a.o(.ARM.Collect$$$$00000011)
    .ARM.Collect$$$$00002712                 0x08000100   Section        4  entry2.o(.ARM.Collect$$$$00002712)
    __lit__00000000                          0x08000100   Data           4  entry2.o(.ARM.Collect$$$$00002712)
    .emb_text                                0x08000104   Section      150  port.o(.emb_text)
    .text                                    0x0800019c   Section        0  system_stm32f10x.o(.text)
    SetSysClockTo72                          0x0800019d   Thumb Code   214  system_stm32f10x.o(.text)
    SetSysClock                              0x08000273   Thumb Code     8  system_stm32f10x.o(.text)
    .text                                    0x0800037c   Section       36  startup_stm32f10x_md.o(.text)
    .text                                    0x080003a0   Section        0  misc.o(.text)
    .text                                    0x0800047c   Section        0  stm32f10x_adc.o(.text)
    .text                                    0x080008cc   Section        0  stm32f10x_dma.o(.text)
    .text                                    0x08000b20   Section        0  stm32f10x_gpio.o(.text)
    .text                                    0x08000e7c   Section        0  stm32f10x_rcc.o(.text)
    .text                                    0x08001220   Section        0  stm32f10x_tim.o(.text)
    TI4_Config                               0x080016c7   Thumb Code   130  stm32f10x_tim.o(.text)
    TI3_Config                               0x0800175b   Thumb Code   122  stm32f10x_tim.o(.text)
    TI2_Config                               0x080017ef   Thumb Code   130  stm32f10x_tim.o(.text)
    TI1_Config                               0x08001883   Thumb Code   108  stm32f10x_tim.o(.text)
    .text                                    0x0800203c   Section        0  stm32f10x_usart.o(.text)
    .text                                    0x08002444   Section        0  list.o(.text)
    .text                                    0x080024d8   Section        0  tasks.o(.text)
    prvInitialiseTaskLists                   0x080024d9   Thumb Code    70  tasks.o(.text)
    prvAddNewTaskToReadyList                 0x0800251f   Thumb Code   150  tasks.o(.text)
    prvInitialiseNewTask                     0x080025b5   Thumb Code   138  tasks.o(.text)
    prvResetNextTaskUnblockTime              0x0800269f   Thumb Code    42  tasks.o(.text)
    prvDeleteTCB                             0x080026c9   Thumb Code    18  tasks.o(.text)
    prvAddCurrentTaskToDelayedList           0x08002989   Thumb Code   124  tasks.o(.text)
    prvTaskIsTaskSuspended                   0x08002ccd   Thumb Code    56  tasks.o(.text)
    prvCheckTasksWaitingTermination          0x08002e33   Thumb Code    60  tasks.o(.text)
    prvIdleTask                              0x08002e6f   Thumb Code    32  tasks.o(.text)
    .text                                    0x080034d0   Section        0  port.o(.text)
    prvTaskExitError                         0x080034d1   Thumb Code    22  port.o(.text)
    .text                                    0x080035c0   Section        0  heap_4.o(.text)
    prvInsertBlockIntoFreeList               0x080035c1   Thumb Code    96  heap_4.o(.text)
    prvHeapInit                              0x08003621   Thumb Code    98  heap_4.o(.text)
    .text                                    0x08003828   Section        0  usart1.o(.text)
    .text                                    0x08003938   Section        0  usart2.o(.text)
    .text                                    0x08003d74   Section        0  usart3.o(.text)
    .text                                    0x08004a04   Section        0  led.o(.text)
    .text                                    0x08004a3c   Section        0  adc.o(.text)
    .text                                    0x08004d18   Section        0  main.o(.text)
    .text                                    0x08004e44   Section        0  memseta.o(.text)
    .text                                    0x08004e68   Section        0  strstr.o(.text)
    .text                                    0x08004e8c   Section        0  strlen.o(.text)
    .text                                    0x08004e9a   Section        0  dmul.o(.text)
    .text                                    0x08004f7e   Section        0  ddiv.o(.text)
    .text                                    0x0800505c   Section        0  dfltui.o(.text)
    .text                                    0x08005076   Section        0  d2f.o(.text)
    .text                                    0x080050b0   Section        0  strtod.o(.text)
    _local_sscanf                            0x080050b1   Thumb Code    54  strtod.o(.text)
    .text                                    0x0800514c   Section        0  fepilogue.o(.text)
    .text                                    0x0800514c   Section        0  iusefp.o(.text)
    .text                                    0x080051ba   Section        0  depilogue.o(.text)
    .text                                    0x08005274   Section       36  init.o(.text)
    .text                                    0x08005298   Section        0  llshl.o(.text)
    .text                                    0x080052b6   Section        0  llushr.o(.text)
    .text                                    0x080052d6   Section        0  isspace_c.o(.text)
    .text                                    0x080052e0   Section        0  scanf_fp.o(.text)
    _fp_value                                0x080052e1   Thumb Code   296  scanf_fp.o(.text)
    .text                                    0x08005640   Section        0  _sgetc.o(.text)
    .text                                    0x08005680   Section        0  ctype_c.o(.text)
    .text                                    0x080056a8   Section        0  dfltul.o(.text)
    i.__0printf$2                            0x080056c0   Section        0  printf2.o(i.__0printf$2)
    i.__scatterload_copy                     0x080056e0   Section       14  handlers.o(i.__scatterload_copy)
    i.__scatterload_null                     0x080056ee   Section        2  handlers.o(i.__scatterload_null)
    i.__scatterload_zeroinit                 0x080056f0   Section       14  handlers.o(i.__scatterload_zeroinit)
    i._is_digit                              0x080056fe   Section        0  scanf_fp.o(i._is_digit)
    i._printf_core                           0x0800570c   Section        0  printf2.o(i._printf_core)
    _printf_core                             0x0800570d   Thumb Code   214  printf2.o(i._printf_core)
    i.strtod                                 0x080057e2   Section        0  strtod.o(i.strtod)
    .constdata                               0x080057fe   Section       64  ctype_c.o(.constdata)
    .data                                    0x20000000   Section       20  system_stm32f10x.o(.data)
    .data                                    0x20000014   Section       20  stm32f10x_rcc.o(.data)
    APBAHBPrescTable                         0x20000014   Data          16  stm32f10x_rcc.o(.data)
    ADCPrescTable                            0x20000024   Data           4  stm32f10x_rcc.o(.data)
    .data                                    0x20000028   Section       60  tasks.o(.data)
    pxDelayedTaskList                        0x2000002c   Data           4  tasks.o(.data)
    pxOverflowDelayedTaskList                0x20000030   Data           4  tasks.o(.data)
    uxDeletedTasksWaitingCleanUp             0x20000034   Data           4  tasks.o(.data)
    uxCurrentNumberOfTasks                   0x20000038   Data           4  tasks.o(.data)
    xTickCount                               0x2000003c   Data           4  tasks.o(.data)
    uxTopReadyPriority                       0x20000040   Data           4  tasks.o(.data)
    xSchedulerRunning                        0x20000044   Data           4  tasks.o(.data)
    xPendedTicks                             0x20000048   Data           4  tasks.o(.data)
    xYieldPending                            0x2000004c   Data           4  tasks.o(.data)
    xNumOfOverflows                          0x20000050   Data           4  tasks.o(.data)
    uxTaskNumber                             0x20000054   Data           4  tasks.o(.data)
    xNextTaskUnblockTime                     0x20000058   Data           4  tasks.o(.data)
    xIdleTaskHandle                          0x2000005c   Data           4  tasks.o(.data)
    uxSchedulerSuspended                     0x20000060   Data           4  tasks.o(.data)
    .data                                    0x20000064   Section        4  port.o(.data)
    uxCriticalNesting                        0x20000064   Data           4  port.o(.data)
    .data                                    0x20000068   Section       32  heap_4.o(.data)
    xStart                                   0x20000068   Data           8  heap_4.o(.data)
    pxEnd                                    0x20000070   Data           4  heap_4.o(.data)
    xFreeBytesRemaining                      0x20000074   Data           4  heap_4.o(.data)
    xMinimumEverFreeBytesRemaining           0x20000078   Data           4  heap_4.o(.data)
    xNumberOfSuccessfulAllocations           0x2000007c   Data           4  heap_4.o(.data)
    xNumberOfSuccessfulFrees                 0x20000080   Data           4  heap_4.o(.data)
    xBlockAllocatedBit                       0x20000084   Data           4  heap_4.o(.data)
    .data                                    0x20000088   Section        4  usart2.o(.data)
    .data                                    0x2000008c   Section       22  usart3.o(.data)
    .data                                    0x200000a4   Section        8  adc.o(.data)
    .data                                    0x200000ac   Section        4  stdout.o(.data)
    .bss                                     0x200000b0   Section      200  tasks.o(.bss)
    pxReadyTasksLists                        0x200000b0   Data         100  tasks.o(.bss)
    xDelayedTaskList1                        0x20000114   Data          20  tasks.o(.bss)
    xDelayedTaskList2                        0x20000128   Data          20  tasks.o(.bss)
    xPendingReadyList                        0x2000013c   Data          20  tasks.o(.bss)
    xTasksWaitingTermination                 0x20000150   Data          20  tasks.o(.bss)
    xSuspendedTaskList                       0x20000164   Data          20  tasks.o(.bss)
    .bss                                     0x20000178   Section    10240  heap_4.o(.bss)
    ucHeap                                   0x20000178   Data       10240  heap_4.o(.bss)
    .bss                                     0x20002978   Section      200  usart2.o(.bss)
    .bss                                     0x20002a40   Section     1628  usart3.o(.bss)
    .bss                                     0x2000309c   Section       24  adc.o(.bss)
    STACK                                    0x200030b8   Section     1024  startup_stm32f10x_md.o(STACK)

    Global Symbols

    Symbol Name                              Value     Ov Type        Size  Object(Section)

    BuildAttributes$$THM_ISAv4$P$D$K$B$S$PE$A:L22UL41UL21$X:L11$S22US41US21$IEEE1$IW$USESV6$~STKCKD$USESV7$~SHL$OTIME$ROPI$IEEEJ$EBA8$MICROLIB$REQ8$PRES8$EABIv2 0x00000000   Number         0  anon$$obj.o ABSOLUTE
    __ARM_use_no_argv                        0x00000000   Number         0  main.o ABSOLUTE
    _printf_a                                0x00000000   Number         0  stubs.o ABSOLUTE
    _printf_c                                0x00000000   Number         0  stubs.o ABSOLUTE
    _printf_charcount                        0x00000000   Number         0  stubs.o ABSOLUTE
    _printf_d                                0x00000000   Number         0  stubs.o ABSOLUTE
    _printf_e                                0x00000000   Number         0  stubs.o ABSOLUTE
    _printf_f                                0x00000000   Number         0  stubs.o ABSOLUTE
    _printf_flags                            0x00000000   Number         0  stubs.o ABSOLUTE
    _printf_fp_dec                           0x00000000   Number         0  stubs.o ABSOLUTE
    _printf_fp_hex                           0x00000000   Number         0  stubs.o ABSOLUTE
    _printf_g                                0x00000000   Number         0  stubs.o ABSOLUTE
    _printf_i                                0x00000000   Number         0  stubs.o ABSOLUTE
    _printf_int_dec                          0x00000000   Number         0  stubs.o ABSOLUTE
    _printf_l                                0x00000000   Number         0  stubs.o ABSOLUTE
    _printf_lc                               0x00000000   Number         0  stubs.o ABSOLUTE
    _printf_ll                               0x00000000   Number         0  stubs.o ABSOLUTE
    _printf_lld                              0x00000000   Number         0  stubs.o ABSOLUTE
    _printf_lli                              0x00000000   Number         0  stubs.o ABSOLUTE
    _printf_llo                              0x00000000   Number         0  stubs.o ABSOLUTE
    _printf_llu                              0x00000000   Number         0  stubs.o ABSOLUTE
    _printf_llx                              0x00000000   Number         0  stubs.o ABSOLUTE
    _printf_longlong_dec                     0x00000000   Number         0  stubs.o ABSOLUTE
    _printf_longlong_hex                     0x00000000   Number         0  stubs.o ABSOLUTE
    _printf_longlong_oct                     0x00000000   Number         0  stubs.o ABSOLUTE
    _printf_ls                               0x00000000   Number         0  stubs.o ABSOLUTE
    _printf_mbtowc                           0x00000000   Number         0  stubs.o ABSOLUTE
    _printf_n                                0x00000000   Number         0  stubs.o ABSOLUTE
    _printf_o                                0x00000000   Number         0  stubs.o ABSOLUTE
    _printf_p                                0x00000000   Number         0  stubs.o ABSOLUTE
    _printf_percent                          0x00000000   Number         0  stubs.o ABSOLUTE
    _printf_pre_padding                      0x00000000   Number         0  stubs.o ABSOLUTE
    _printf_return_value                     0x00000000   Number         0  stubs.o ABSOLUTE
    _printf_s                                0x00000000   Number         0  stubs.o ABSOLUTE
    _printf_sizespec                         0x00000000   Number         0  stubs.o ABSOLUTE
    _printf_str                              0x00000000   Number         0  stubs.o ABSOLUTE
    _printf_truncate_signed                  0x00000000   Number         0  stubs.o ABSOLUTE
    _printf_truncate_unsigned                0x00000000   Number         0  stubs.o ABSOLUTE
    _printf_u                                0x00000000   Number         0  stubs.o ABSOLUTE
    _printf_wc                               0x00000000   Number         0  stubs.o ABSOLUTE
    _printf_wctomb                           0x00000000   Number         0  stubs.o ABSOLUTE
    _printf_widthprec                        0x00000000   Number         0  stubs.o ABSOLUTE
    _printf_x                                0x00000000   Number         0  stubs.o ABSOLUTE
    __arm_fini_                               - Undefined Weak Reference
    __cpp_initialize__aeabi_                  - Undefined Weak Reference
    __cxa_finalize                            - Undefined Weak Reference
    __decompress                              - Undefined Weak Reference
    _clock_init                               - Undefined Weak Reference
    _microlib_exit                            - Undefined Weak Reference
    __Vectors_Size                           0x000000ec   Number         0  startup_stm32f10x_md.o ABSOLUTE
    __Vectors                                0x08000000   Data           4  startup_stm32f10x_md.o(RESET)
    __Vectors_End                            0x080000ec   Data           0  startup_stm32f10x_md.o(RESET)
    __main                                   0x080000ed   Thumb Code     0  entry.o(.ARM.Collect$$$$00000000)
    _main_stk                                0x080000ed   Thumb Code     0  entry2.o(.ARM.Collect$$$$00000001)
    _main_scatterload                        0x080000f1   Thumb Code     0  entry5.o(.ARM.Collect$$$$00000004)
    __main_after_scatterload                 0x080000f5   Thumb Code     0  entry5.o(.ARM.Collect$$$$00000004)
    _main_clock                              0x080000f5   Thumb Code     0  entry7b.o(.ARM.Collect$$$$00000008)
    _main_cpp_init                           0x080000f5   Thumb Code     0  entry8b.o(.ARM.Collect$$$$0000000A)
    _main_init                               0x080000f5   Thumb Code     0  entry9a.o(.ARM.Collect$$$$0000000B)
    __rt_lib_shutdown_fini                   0x080000fd   Thumb Code     0  entry12b.o(.ARM.Collect$$$$0000000E)
    __rt_final_cpp                           0x08000101   Thumb Code     0  entry10a.o(.ARM.Collect$$$$0000000F)
    __rt_final_exit                          0x08000101   Thumb Code     0  entry11a.o(.ARM.Collect$$$$00000011)
    vPortSVCHandler                          0x08000105   Thumb Code    32  port.o(.emb_text)
    __asm___6_port_c_39a90d8d__prvStartFirstTask 0x08000129   Thumb Code    28  port.o(.emb_text)
    xPortPendSVHandler                       0x08000149   Thumb Code    72  port.o(.emb_text)
    vPortGetIPSR                             0x08000195   Thumb Code     6  port.o(.emb_text)
    SystemInit                               0x0800027b   Thumb Code    78  system_stm32f10x.o(.text)
    SystemCoreClockUpdate                    0x080002c9   Thumb Code   142  system_stm32f10x.o(.text)
    Reset_Handler                            0x0800037d   Thumb Code     8  startup_stm32f10x_md.o(.text)
    NMI_Handler                              0x08000385   Thumb Code     2  startup_stm32f10x_md.o(.text)
    HardFault_Handler                        0x08000387   Thumb Code     2  startup_stm32f10x_md.o(.text)
    MemManage_Handler                        0x08000389   Thumb Code     2  startup_stm32f10x_md.o(.text)
    BusFault_Handler                         0x0800038b   Thumb Code     2  startup_stm32f10x_md.o(.text)
    UsageFault_Handler                       0x0800038d   Thumb Code     2  startup_stm32f10x_md.o(.text)
    SVC_Handler                              0x0800038f   Thumb Code     2  startup_stm32f10x_md.o(.text)
    DebugMon_Handler                         0x08000391   Thumb Code     2  startup_stm32f10x_md.o(.text)
    PendSV_Handler                           0x08000393   Thumb Code     2  startup_stm32f10x_md.o(.text)
    SysTick_Handler                          0x08000395   Thumb Code     2  startup_stm32f10x_md.o(.text)
    ADC1_2_IRQHandler                        0x08000397   Thumb Code     0  startup_stm32f10x_md.o(.text)
    CAN1_RX1_IRQHandler                      0x08000397   Thumb Code     0  startup_stm32f10x_md.o(.text)
    CAN1_SCE_IRQHandler                      0x08000397   Thumb Code     0  startup_stm32f10x_md.o(.text)
    DMA1_Channel1_IRQHandler                 0x08000397   Thumb Code     0  startup_stm32f10x_md.o(.text)
    DMA1_Channel2_IRQHandler                 0x08000397   Thumb Code     0  startup_stm32f10x_md.o(.text)
    DMA1_Channel3_IRQHandler                 0x08000397   Thumb Code     0  startup_stm32f10x_md.o(.text)
    DMA1_Channel4_IRQHandler                 0x08000397   Thumb Code     0  startup_stm32f10x_md.o(.text)
    DMA1_Channel5_IRQHandler                 0x08000397   Thumb Code     0  startup_stm32f10x_md.o(.text)
    DMA1_Channel6_IRQHandler                 0x08000397   Thumb Code     0  startup_stm32f10x_md.o(.text)
    DMA1_Channel7_IRQHandler                 0x08000397   Thumb Code     0  startup_stm32f10x_md.o(.text)
    EXTI0_IRQHandler                         0x08000397   Thumb Code     0  startup_stm32f10x_md.o(.text)
    EXTI15_10_IRQHandler                     0x08000397   Thumb Code     0  startup_stm32f10x_md.o(.text)
    EXTI1_IRQHandler                         0x08000397   Thumb Code     0  startup_stm32f10x_md.o(.text)
    EXTI2_IRQHandler                         0x08000397   Thumb Code     0  startup_stm32f10x_md.o(.text)
    EXTI3_IRQHandler                         0x08000397   Thumb Code     0  startup_stm32f10x_md.o(.text)
    EXTI4_IRQHandler                         0x08000397   Thumb Code     0  startup_stm32f10x_md.o(.text)
    EXTI9_5_IRQHandler                       0x08000397   Thumb Code     0  startup_stm32f10x_md.o(.text)
    FLASH_IRQHandler                         0x08000397   Thumb Code     0  startup_stm32f10x_md.o(.text)
    I2C1_ER_IRQHandler                       0x08000397   Thumb Code     0  startup_stm32f10x_md.o(.text)
    I2C1_EV_IRQHandler                       0x08000397   Thumb Code     0  startup_stm32f10x_md.o(.text)
    I2C2_ER_IRQHandler                       0x08000397   Thumb Code     0  startup_stm32f10x_md.o(.text)
    I2C2_EV_IRQHandler                       0x08000397   Thumb Code     0  startup_stm32f10x_md.o(.text)
    PVD_IRQHandler                           0x08000397   Thumb Code     0  startup_stm32f10x_md.o(.text)
    RCC_IRQHandler                           0x08000397   Thumb Code     0  startup_stm32f10x_md.o(.text)
    RTCAlarm_IRQHandler                      0x08000397   Thumb Code     0  startup_stm32f10x_md.o(.text)
    RTC_IRQHandler                           0x08000397   Thumb Code     0  startup_stm32f10x_md.o(.text)
    SPI1_IRQHandler                          0x08000397   Thumb Code     0  startup_stm32f10x_md.o(.text)
    SPI2_IRQHandler                          0x08000397   Thumb Code     0  startup_stm32f10x_md.o(.text)
    TAMPER_IRQHandler                        0x08000397   Thumb Code     0  startup_stm32f10x_md.o(.text)
    TIM1_BRK_IRQHandler                      0x08000397   Thumb Code     0  startup_stm32f10x_md.o(.text)
    TIM1_CC_IRQHandler                       0x08000397   Thumb Code     0  startup_stm32f10x_md.o(.text)
    TIM1_TRG_COM_IRQHandler                  0x08000397   Thumb Code     0  startup_stm32f10x_md.o(.text)
    TIM1_UP_IRQHandler                       0x08000397   Thumb Code     0  startup_stm32f10x_md.o(.text)
    USBWakeUp_IRQHandler                     0x08000397   Thumb Code     0  startup_stm32f10x_md.o(.text)
    USB_HP_CAN1_TX_IRQHandler                0x08000397   Thumb Code     0  startup_stm32f10x_md.o(.text)
    USB_LP_CAN1_RX0_IRQHandler               0x08000397   Thumb Code     0  startup_stm32f10x_md.o(.text)
    WWDG_IRQHandler                          0x08000397   Thumb Code     0  startup_stm32f10x_md.o(.text)
    NVIC_PriorityGroupConfig                 0x080003a1   Thumb Code    10  misc.o(.text)
    NVIC_Init                                0x080003ab   Thumb Code   100  misc.o(.text)
    NVIC_SetVectorTable                      0x0800040f   Thumb Code    14  misc.o(.text)
    NVIC_SystemLPConfig                      0x0800041d   Thumb Code    34  misc.o(.text)
    SysTick_CLKSourceConfig                  0x0800043f   Thumb Code    40  misc.o(.text)
    ADC_DeInit                               0x0800047d   Thumb Code    78  stm32f10x_adc.o(.text)
    ADC_Init                                 0x080004cb   Thumb Code    70  stm32f10x_adc.o(.text)
    ADC_StructInit                           0x08000511   Thumb Code    18  stm32f10x_adc.o(.text)
    ADC_Cmd                                  0x08000523   Thumb Code    22  stm32f10x_adc.o(.text)
    ADC_DMACmd                               0x08000539   Thumb Code    22  stm32f10x_adc.o(.text)
    ADC_ITConfig                             0x0800054f   Thumb Code    24  stm32f10x_adc.o(.text)
    ADC_ResetCalibration                     0x08000567   Thumb Code    10  stm32f10x_adc.o(.text)
    ADC_GetResetCalibrationStatus            0x08000571   Thumb Code    20  stm32f10x_adc.o(.text)
    ADC_StartCalibration                     0x08000585   Thumb Code    10  stm32f10x_adc.o(.text)
    ADC_GetCalibrationStatus                 0x0800058f   Thumb Code    20  stm32f10x_adc.o(.text)
    ADC_SoftwareStartConvCmd                 0x080005a3   Thumb Code    22  stm32f10x_adc.o(.text)
    ADC_GetSoftwareStartConvStatus           0x080005b9   Thumb Code    20  stm32f10x_adc.o(.text)
    ADC_DiscModeChannelCountConfig           0x080005cd   Thumb Code    24  stm32f10x_adc.o(.text)
    ADC_DiscModeCmd                          0x080005e5   Thumb Code    22  stm32f10x_adc.o(.text)
    ADC_RegularChannelConfig                 0x080005fb   Thumb Code   184  stm32f10x_adc.o(.text)
    ADC_ExternalTrigConvCmd                  0x080006b3   Thumb Code    22  stm32f10x_adc.o(.text)
    ADC_GetConversionValue                   0x080006c9   Thumb Code     8  stm32f10x_adc.o(.text)
    ADC_GetDualModeConversionValue           0x080006d1   Thumb Code     8  stm32f10x_adc.o(.text)
    ADC_AutoInjectedConvCmd                  0x080006d9   Thumb Code    22  stm32f10x_adc.o(.text)
    ADC_InjectedDiscModeCmd                  0x080006ef   Thumb Code    22  stm32f10x_adc.o(.text)
    ADC_ExternalTrigInjectedConvConfig       0x08000705   Thumb Code    16  stm32f10x_adc.o(.text)
    ADC_ExternalTrigInjectedConvCmd          0x08000715   Thumb Code    22  stm32f10x_adc.o(.text)
    ADC_SoftwareStartInjectedConvCmd         0x0800072b   Thumb Code    22  stm32f10x_adc.o(.text)
    ADC_GetSoftwareStartInjectedConvCmdStatus 0x08000741   Thumb Code    20  stm32f10x_adc.o(.text)
    ADC_InjectedChannelConfig                0x08000755   Thumb Code   130  stm32f10x_adc.o(.text)
    ADC_InjectedSequencerLengthConfig        0x080007d7   Thumb Code    24  stm32f10x_adc.o(.text)
    ADC_SetInjectedOffset                    0x080007ef   Thumb Code    20  stm32f10x_adc.o(.text)
    ADC_GetInjectedConversionValue           0x08000803   Thumb Code    28  stm32f10x_adc.o(.text)
    ADC_AnalogWatchdogCmd                    0x0800081f   Thumb Code    16  stm32f10x_adc.o(.text)
    ADC_AnalogWatchdogThresholdsConfig       0x0800082f   Thumb Code     6  stm32f10x_adc.o(.text)
    ADC_AnalogWatchdogSingleChannelConfig    0x08000835   Thumb Code    16  stm32f10x_adc.o(.text)
    ADC_TempSensorVrefintCmd                 0x08000845   Thumb Code    64  stm32f10x_adc.o(.text)
    ADC_GetFlagStatus                        0x08000885   Thumb Code    18  stm32f10x_adc.o(.text)
    ADC_ClearFlag                            0x08000897   Thumb Code     6  stm32f10x_adc.o(.text)
    ADC_GetITStatus                          0x0800089d   Thumb Code    36  stm32f10x_adc.o(.text)
    ADC_ClearITPendingBit                    0x080008c1   Thumb Code    10  stm32f10x_adc.o(.text)
    DMA_DeInit                               0x080008cd   Thumb Code   324  stm32f10x_dma.o(.text)
    DMA_Init                                 0x08000a11   Thumb Code    60  stm32f10x_dma.o(.text)
    DMA_StructInit                           0x08000a4d   Thumb Code    26  stm32f10x_dma.o(.text)
    DMA_Cmd                                  0x08000a67   Thumb Code    24  stm32f10x_dma.o(.text)
    DMA_ITConfig                             0x08000a7f   Thumb Code    18  stm32f10x_dma.o(.text)
    DMA_SetCurrDataCounter                   0x08000a91   Thumb Code     4  stm32f10x_dma.o(.text)
    DMA_GetCurrDataCounter                   0x08000a95   Thumb Code     8  stm32f10x_dma.o(.text)
    DMA_GetFlagStatus                        0x08000a9d   Thumb Code    40  stm32f10x_dma.o(.text)
    DMA_ClearFlag                            0x08000ac5   Thumb Code    22  stm32f10x_dma.o(.text)
    DMA_GetITStatus                          0x08000adb   Thumb Code    40  stm32f10x_dma.o(.text)
    DMA_ClearITPendingBit                    0x08000b03   Thumb Code    22  stm32f10x_dma.o(.text)
    GPIO_DeInit                              0x08000b21   Thumb Code   172  stm32f10x_gpio.o(.text)
    GPIO_AFIODeInit                          0x08000bcd   Thumb Code    20  stm32f10x_gpio.o(.text)
    GPIO_Init                                0x08000be1   Thumb Code   278  stm32f10x_gpio.o(.text)
    GPIO_StructInit                          0x08000cf7   Thumb Code    16  stm32f10x_gpio.o(.text)
    GPIO_ReadInputDataBit                    0x08000d07   Thumb Code    18  stm32f10x_gpio.o(.text)
    GPIO_ReadInputData                       0x08000d19   Thumb Code     8  stm32f10x_gpio.o(.text)
    GPIO_ReadOutputDataBit                   0x08000d21   Thumb Code    18  stm32f10x_gpio.o(.text)
    GPIO_ReadOutputData                      0x08000d33   Thumb Code     8  stm32f10x_gpio.o(.text)
    GPIO_SetBits                             0x08000d3b   Thumb Code     4  stm32f10x_gpio.o(.text)
    GPIO_ResetBits                           0x08000d3f   Thumb Code     4  stm32f10x_gpio.o(.text)
    GPIO_WriteBit                            0x08000d43   Thumb Code    10  stm32f10x_gpio.o(.text)
    GPIO_Write                               0x08000d4d   Thumb Code     4  stm32f10x_gpio.o(.text)
    GPIO_PinLockConfig                       0x08000d51   Thumb Code    18  stm32f10x_gpio.o(.text)
    GPIO_EventOutputConfig                   0x08000d63   Thumb Code    26  stm32f10x_gpio.o(.text)
    GPIO_EventOutputCmd                      0x08000d7d   Thumb Code     6  stm32f10x_gpio.o(.text)
    GPIO_PinRemapConfig                      0x08000d83   Thumb Code   138  stm32f10x_gpio.o(.text)
    GPIO_EXTILineConfig                      0x08000e0d   Thumb Code    66  stm32f10x_gpio.o(.text)
    GPIO_ETH_MediaInterfaceConfig            0x08000e4f   Thumb Code     8  stm32f10x_gpio.o(.text)
    RCC_DeInit                               0x08000e7d   Thumb Code    64  stm32f10x_rcc.o(.text)
    RCC_HSEConfig                            0x08000ebd   Thumb Code    70  stm32f10x_rcc.o(.text)
    RCC_GetFlagStatus                        0x08000f03   Thumb Code    56  stm32f10x_rcc.o(.text)
    RCC_WaitForHSEStartUp                    0x08000f3b   Thumb Code    56  stm32f10x_rcc.o(.text)
    RCC_AdjustHSICalibrationValue            0x08000f73   Thumb Code    20  stm32f10x_rcc.o(.text)
    RCC_HSICmd                               0x08000f87   Thumb Code     6  stm32f10x_rcc.o(.text)
    RCC_PLLConfig                            0x08000f8d   Thumb Code    24  stm32f10x_rcc.o(.text)
    RCC_PLLCmd                               0x08000fa5   Thumb Code     6  stm32f10x_rcc.o(.text)
    RCC_SYSCLKConfig                         0x08000fab   Thumb Code    18  stm32f10x_rcc.o(.text)
    RCC_GetSYSCLKSource                      0x08000fbd   Thumb Code    10  stm32f10x_rcc.o(.text)
    RCC_HCLKConfig                           0x08000fc7   Thumb Code    18  stm32f10x_rcc.o(.text)
    RCC_PCLK1Config                          0x08000fd9   Thumb Code    18  stm32f10x_rcc.o(.text)
    RCC_PCLK2Config                          0x08000feb   Thumb Code    20  stm32f10x_rcc.o(.text)
    RCC_ITConfig                             0x08000fff   Thumb Code    26  stm32f10x_rcc.o(.text)
    RCC_USBCLKConfig                         0x08001019   Thumb Code     8  stm32f10x_rcc.o(.text)
    RCC_ADCCLKConfig                         0x08001021   Thumb Code    18  stm32f10x_rcc.o(.text)
    RCC_LSEConfig                            0x08001033   Thumb Code    50  stm32f10x_rcc.o(.text)
    RCC_LSICmd                               0x08001065   Thumb Code     6  stm32f10x_rcc.o(.text)
    RCC_RTCCLKConfig                         0x0800106b   Thumb Code    12  stm32f10x_rcc.o(.text)
    RCC_RTCCLKCmd                            0x08001077   Thumb Code     8  stm32f10x_rcc.o(.text)
    RCC_GetClocksFreq                        0x0800107f   Thumb Code   192  stm32f10x_rcc.o(.text)
    RCC_AHBPeriphClockCmd                    0x0800113f   Thumb Code    26  stm32f10x_rcc.o(.text)
    RCC_APB2PeriphClockCmd                   0x08001159   Thumb Code    26  stm32f10x_rcc.o(.text)
    RCC_APB1PeriphClockCmd                   0x08001173   Thumb Code    26  stm32f10x_rcc.o(.text)
    RCC_APB2PeriphResetCmd                   0x0800118d   Thumb Code    26  stm32f10x_rcc.o(.text)
    RCC_APB1PeriphResetCmd                   0x080011a7   Thumb Code    26  stm32f10x_rcc.o(.text)
    RCC_BackupResetCmd                       0x080011c1   Thumb Code     8  stm32f10x_rcc.o(.text)
    RCC_ClockSecuritySystemCmd               0x080011c9   Thumb Code     6  stm32f10x_rcc.o(.text)
    RCC_MCOConfig                            0x080011cf   Thumb Code     6  stm32f10x_rcc.o(.text)
    RCC_ClearFlag                            0x080011d5   Thumb Code    14  stm32f10x_rcc.o(.text)
    RCC_GetITStatus                          0x080011e3   Thumb Code    20  stm32f10x_rcc.o(.text)
    RCC_ClearITPendingBit                    0x080011f7   Thumb Code     6  stm32f10x_rcc.o(.text)
    TIM_DeInit                               0x08001221   Thumb Code   424  stm32f10x_tim.o(.text)
    TIM_TimeBaseInit                         0x080013c9   Thumb Code   122  stm32f10x_tim.o(.text)
    TIM_OC1Init                              0x08001443   Thumb Code   132  stm32f10x_tim.o(.text)
    TIM_OC2Init                              0x080014c7   Thumb Code   154  stm32f10x_tim.o(.text)
    TIM_OC3Init                              0x08001561   Thumb Code   150  stm32f10x_tim.o(.text)
    TIM_OC4Init                              0x080015f7   Thumb Code   182  stm32f10x_tim.o(.text)
    TIM_SetIC4Prescaler                      0x080016ad   Thumb Code    26  stm32f10x_tim.o(.text)
    TIM_SetIC3Prescaler                      0x08001749   Thumb Code    18  stm32f10x_tim.o(.text)
    TIM_SetIC2Prescaler                      0x080017d5   Thumb Code    26  stm32f10x_tim.o(.text)
    TIM_SetIC1Prescaler                      0x08001871   Thumb Code    18  stm32f10x_tim.o(.text)
    TIM_ICInit                               0x080018ef   Thumb Code   150  stm32f10x_tim.o(.text)
    TIM_PWMIConfig                           0x08001985   Thumb Code   124  stm32f10x_tim.o(.text)
    TIM_BDTRConfig                           0x08001a01   Thumb Code    32  stm32f10x_tim.o(.text)
    TIM_TimeBaseStructInit                   0x08001a21   Thumb Code    18  stm32f10x_tim.o(.text)
    TIM_OCStructInit                         0x08001a33   Thumb Code    20  stm32f10x_tim.o(.text)
    TIM_ICStructInit                         0x08001a47   Thumb Code    18  stm32f10x_tim.o(.text)
    TIM_BDTRStructInit                       0x08001a59   Thumb Code    40  stm32f10x_tim.o(.text)
    TIM_Cmd                                  0x08001a81   Thumb Code    24  stm32f10x_tim.o(.text)
    TIM_CtrlPWMOutputs                       0x08001a99   Thumb Code    30  stm32f10x_tim.o(.text)
    TIM_ITConfig                             0x08001ab7   Thumb Code    18  stm32f10x_tim.o(.text)
    TIM_GenerateEvent                        0x08001ac9   Thumb Code     4  stm32f10x_tim.o(.text)
    TIM_DMAConfig                            0x08001acd   Thumb Code    10  stm32f10x_tim.o(.text)
    TIM_DMACmd                               0x08001ad7   Thumb Code    18  stm32f10x_tim.o(.text)
    TIM_InternalClockConfig                  0x08001ae9   Thumb Code    12  stm32f10x_tim.o(.text)
    TIM_SelectInputTrigger                   0x08001af5   Thumb Code    18  stm32f10x_tim.o(.text)
    TIM_ITRxExternalClockConfig              0x08001b07   Thumb Code    24  stm32f10x_tim.o(.text)
    TIM_TIxExternalClockConfig               0x08001b1f   Thumb Code    62  stm32f10x_tim.o(.text)
    TIM_ETRConfig                            0x08001b5d   Thumb Code    28  stm32f10x_tim.o(.text)
    TIM_ETRClockMode1Config                  0x08001b79   Thumb Code    54  stm32f10x_tim.o(.text)
    TIM_ETRClockMode2Config                  0x08001baf   Thumb Code    32  stm32f10x_tim.o(.text)
    TIM_PrescalerConfig                      0x08001bcf   Thumb Code     6  stm32f10x_tim.o(.text)
    TIM_CounterModeConfig                    0x08001bd5   Thumb Code    18  stm32f10x_tim.o(.text)
    TIM_EncoderInterfaceConfig               0x08001be7   Thumb Code    66  stm32f10x_tim.o(.text)
    TIM_ForcedOC1Config                      0x08001c29   Thumb Code    18  stm32f10x_tim.o(.text)
    TIM_ForcedOC2Config                      0x08001c3b   Thumb Code    26  stm32f10x_tim.o(.text)
    TIM_ForcedOC3Config                      0x08001c55   Thumb Code    18  stm32f10x_tim.o(.text)
    TIM_ForcedOC4Config                      0x08001c67   Thumb Code    26  stm32f10x_tim.o(.text)
    TIM_ARRPreloadConfig                     0x08001c81   Thumb Code    24  stm32f10x_tim.o(.text)
    TIM_SelectCOM                            0x08001c99   Thumb Code    24  stm32f10x_tim.o(.text)
    TIM_SelectCCDMA                          0x08001cb1   Thumb Code    24  stm32f10x_tim.o(.text)
    TIM_CCPreloadControl                     0x08001cc9   Thumb Code    24  stm32f10x_tim.o(.text)
    TIM_OC1PreloadConfig                     0x08001ce1   Thumb Code    18  stm32f10x_tim.o(.text)
    TIM_OC2PreloadConfig                     0x08001cf3   Thumb Code    26  stm32f10x_tim.o(.text)
    TIM_OC3PreloadConfig                     0x08001d0d   Thumb Code    18  stm32f10x_tim.o(.text)
    TIM_OC4PreloadConfig                     0x08001d1f   Thumb Code    26  stm32f10x_tim.o(.text)
    TIM_OC1FastConfig                        0x08001d39   Thumb Code    18  stm32f10x_tim.o(.text)
    TIM_OC2FastConfig                        0x08001d4b   Thumb Code    26  stm32f10x_tim.o(.text)
    TIM_OC3FastConfig                        0x08001d65   Thumb Code    18  stm32f10x_tim.o(.text)
    TIM_OC4FastConfig                        0x08001d77   Thumb Code    26  stm32f10x_tim.o(.text)
    TIM_ClearOC1Ref                          0x08001d91   Thumb Code    18  stm32f10x_tim.o(.text)
    TIM_ClearOC2Ref                          0x08001da3   Thumb Code    24  stm32f10x_tim.o(.text)
    TIM_ClearOC3Ref                          0x08001dbb   Thumb Code    18  stm32f10x_tim.o(.text)
    TIM_ClearOC4Ref                          0x08001dcd   Thumb Code    24  stm32f10x_tim.o(.text)
    TIM_OC1PolarityConfig                    0x08001de5   Thumb Code    18  stm32f10x_tim.o(.text)
    TIM_OC1NPolarityConfig                   0x08001df7   Thumb Code    18  stm32f10x_tim.o(.text)
    TIM_OC2PolarityConfig                    0x08001e09   Thumb Code    26  stm32f10x_tim.o(.text)
    TIM_OC2NPolarityConfig                   0x08001e23   Thumb Code    26  stm32f10x_tim.o(.text)
    TIM_OC3PolarityConfig                    0x08001e3d   Thumb Code    26  stm32f10x_tim.o(.text)
    TIM_OC3NPolarityConfig                   0x08001e57   Thumb Code    26  stm32f10x_tim.o(.text)
    TIM_OC4PolarityConfig                    0x08001e71   Thumb Code    26  stm32f10x_tim.o(.text)
    TIM_CCxCmd                               0x08001e8b   Thumb Code    30  stm32f10x_tim.o(.text)
    TIM_CCxNCmd                              0x08001ea9   Thumb Code    30  stm32f10x_tim.o(.text)
    TIM_SelectOCxM                           0x08001ec7   Thumb Code    82  stm32f10x_tim.o(.text)
    TIM_UpdateDisableConfig                  0x08001f19   Thumb Code    24  stm32f10x_tim.o(.text)
    TIM_UpdateRequestConfig                  0x08001f31   Thumb Code    24  stm32f10x_tim.o(.text)
    TIM_SelectHallSensor                     0x08001f49   Thumb Code    24  stm32f10x_tim.o(.text)
    TIM_SelectOnePulseMode                   0x08001f61   Thumb Code    18  stm32f10x_tim.o(.text)
    TIM_SelectOutputTrigger                  0x08001f73   Thumb Code    18  stm32f10x_tim.o(.text)
    TIM_SelectSlaveMode                      0x08001f85   Thumb Code    18  stm32f10x_tim.o(.text)
    TIM_SelectMasterSlaveMode                0x08001f97   Thumb Code    18  stm32f10x_tim.o(.text)
    TIM_SetCounter                           0x08001fa9   Thumb Code     4  stm32f10x_tim.o(.text)
    TIM_SetAutoreload                        0x08001fad   Thumb Code     4  stm32f10x_tim.o(.text)
    TIM_SetCompare1                          0x08001fb1   Thumb Code     4  stm32f10x_tim.o(.text)
    TIM_SetCompare2                          0x08001fb5   Thumb Code     4  stm32f10x_tim.o(.text)
    TIM_SetCompare3                          0x08001fb9   Thumb Code     4  stm32f10x_tim.o(.text)
    TIM_SetCompare4                          0x08001fbd   Thumb Code     6  stm32f10x_tim.o(.text)
    TIM_SetClockDivision                     0x08001fc3   Thumb Code    18  stm32f10x_tim.o(.text)
    TIM_GetCapture1                          0x08001fd5   Thumb Code     6  stm32f10x_tim.o(.text)
    TIM_GetCapture2                          0x08001fdb   Thumb Code     6  stm32f10x_tim.o(.text)
    TIM_GetCapture3                          0x08001fe1   Thumb Code     6  stm32f10x_tim.o(.text)
    TIM_GetCapture4                          0x08001fe7   Thumb Code     8  stm32f10x_tim.o(.text)
    TIM_GetCounter                           0x08001fef   Thumb Code     6  stm32f10x_tim.o(.text)
    TIM_GetPrescaler                         0x08001ff5   Thumb Code     6  stm32f10x_tim.o(.text)
    TIM_GetFlagStatus                        0x08001ffb   Thumb Code    18  stm32f10x_tim.o(.text)
    TIM_ClearFlag                            0x0800200d   Thumb Code     6  stm32f10x_tim.o(.text)
    TIM_GetITStatus                          0x08002013   Thumb Code    34  stm32f10x_tim.o(.text)
    TIM_ClearITPendingBit                    0x08002035   Thumb Code     6  stm32f10x_tim.o(.text)
    USART_DeInit                             0x0800203d   Thumb Code   134  stm32f10x_usart.o(.text)
    USART_Init                               0x080020c3   Thumb Code   210  stm32f10x_usart.o(.text)
    USART_StructInit                         0x08002195   Thumb Code    24  stm32f10x_usart.o(.text)
    USART_ClockInit                          0x080021ad   Thumb Code    34  stm32f10x_usart.o(.text)
    USART_ClockStructInit                    0x080021cf   Thumb Code    12  stm32f10x_usart.o(.text)
    USART_Cmd                                0x080021db   Thumb Code    24  stm32f10x_usart.o(.text)
    USART_ITConfig                           0x080021f3   Thumb Code    74  stm32f10x_usart.o(.text)
    USART_DMACmd                             0x0800223d   Thumb Code    18  stm32f10x_usart.o(.text)
    USART_SetAddress                         0x0800224f   Thumb Code    18  stm32f10x_usart.o(.text)
    USART_WakeUpConfig                       0x08002261   Thumb Code    18  stm32f10x_usart.o(.text)
    USART_ReceiverWakeUpCmd                  0x08002273   Thumb Code    24  stm32f10x_usart.o(.text)
    USART_LINBreakDetectLengthConfig         0x0800228b   Thumb Code    18  stm32f10x_usart.o(.text)
    USART_LINCmd                             0x0800229d   Thumb Code    24  stm32f10x_usart.o(.text)
    USART_SendData                           0x080022b5   Thumb Code     8  stm32f10x_usart.o(.text)
    USART_ReceiveData                        0x080022bd   Thumb Code    10  stm32f10x_usart.o(.text)
    USART_SendBreak                          0x080022c7   Thumb Code    10  stm32f10x_usart.o(.text)
    USART_SetGuardTime                       0x080022d1   Thumb Code    16  stm32f10x_usart.o(.text)
    USART_SetPrescaler                       0x080022e1   Thumb Code    16  stm32f10x_usart.o(.text)
    USART_SmartCardCmd                       0x080022f1   Thumb Code    24  stm32f10x_usart.o(.text)
    USART_SmartCardNACKCmd                   0x08002309   Thumb Code    24  stm32f10x_usart.o(.text)
    USART_HalfDuplexCmd                      0x08002321   Thumb Code    24  stm32f10x_usart.o(.text)
    USART_OverSampling8Cmd                   0x08002339   Thumb Code    22  stm32f10x_usart.o(.text)
    USART_OneBitMethodCmd                    0x0800234f   Thumb Code    24  stm32f10x_usart.o(.text)
    USART_IrDAConfig                         0x08002367   Thumb Code    18  stm32f10x_usart.o(.text)
    USART_IrDACmd                            0x08002379   Thumb Code    24  stm32f10x_usart.o(.text)
    USART_GetFlagStatus                      0x08002391   Thumb Code    26  stm32f10x_usart.o(.text)
    USART_ClearFlag                          0x080023ab   Thumb Code    18  stm32f10x_usart.o(.text)
    USART_GetITStatus                        0x080023bd   Thumb Code    84  stm32f10x_usart.o(.text)
    USART_ClearITPendingBit                  0x08002411   Thumb Code    52  stm32f10x_usart.o(.text)
    vListInitialise                          0x08002445   Thumb Code    26  list.o(.text)
    vListInitialiseItem                      0x0800245f   Thumb Code     6  list.o(.text)
    vListInsertEnd                           0x08002465   Thumb Code    24  list.o(.text)
    vListInsert                              0x0800247d   Thumb Code    52  list.o(.text)
    uxListRemove                             0x080024b1   Thumb Code    40  list.o(.text)
    xTaskCreate                              0x0800263f   Thumb Code    96  tasks.o(.text)
    vTaskDelete                              0x080026db   Thumb Code   166  tasks.o(.text)
    xTaskIncrementTick                       0x08002781   Thumb Code   238  tasks.o(.text)
    xTaskResumeAll                           0x0800286f   Thumb Code   282  tasks.o(.text)
    vTaskSuspendAll                          0x08002a05   Thumb Code    12  tasks.o(.text)
    vTaskDelayUntil                          0x08002a11   Thumb Code   106  tasks.o(.text)
    vTaskDelay                               0x08002a7b   Thumb Code    46  tasks.o(.text)
    uxTaskPriorityGet                        0x08002aa9   Thumb Code    30  tasks.o(.text)
    uxTaskPriorityGetFromISR                 0x08002ac7   Thumb Code    52  tasks.o(.text)
    vTaskPrioritySet                         0x08002afb   Thumb Code   216  tasks.o(.text)
    vTaskSwitchContext                       0x08002bd3   Thumb Code    76  tasks.o(.text)
    vTaskSuspend                             0x08002c1f   Thumb Code   174  tasks.o(.text)
    vTaskResume                              0x08002d05   Thumb Code   172  tasks.o(.text)
    xTaskResumeFromISR                       0x08002db1   Thumb Code   130  tasks.o(.text)
    vTaskStartScheduler                      0x08002e8f   Thumb Code    72  tasks.o(.text)
    vTaskEndScheduler                        0x08002ed7   Thumb Code    32  tasks.o(.text)
    xTaskGetTickCount                        0x08002ef7   Thumb Code     6  tasks.o(.text)
    xTaskGetTickCountFromISR                 0x08002efd   Thumb Code     8  tasks.o(.text)
    uxTaskGetNumberOfTasks                   0x08002f05   Thumb Code     6  tasks.o(.text)
    pcTaskGetName                            0x08002f0b   Thumb Code    20  tasks.o(.text)
    xTaskCatchUpTicks                        0x08002f1f   Thumb Code    30  tasks.o(.text)
    vTaskPlaceOnEventList                    0x08002f3d   Thumb Code    28  tasks.o(.text)
    vTaskPlaceOnUnorderedEventList           0x08002f59   Thumb Code    40  tasks.o(.text)
    xTaskRemoveFromEventList                 0x08002f81   Thumb Code   104  tasks.o(.text)
    vTaskRemoveFromUnorderedEventList        0x08002fe9   Thumb Code    82  tasks.o(.text)
    vTaskSetTimeOutState                     0x0800303b   Thumb Code    26  tasks.o(.text)
    vTaskInternalSetTimeOutState             0x08003055   Thumb Code    14  tasks.o(.text)
    xTaskCheckForTimeOut                     0x08003063   Thumb Code    84  tasks.o(.text)
    vTaskMissedYield                         0x080030b7   Thumb Code     8  tasks.o(.text)
    uxTaskResetEventItemValue                0x080030bf   Thumb Code    24  tasks.o(.text)
    ulTaskNotifyTake                         0x080030d7   Thumb Code   108  tasks.o(.text)
    xTaskNotifyWait                          0x08003143   Thumb Code   228  tasks.o(.text)
    xTaskGenericNotify                       0x08003227   Thumb Code   180  tasks.o(.text)
    xTaskGenericNotifyFromISR                0x080032db   Thumb Code   228  tasks.o(.text)
    vTaskNotifyGiveFromISR                   0x080033bf   Thumb Code   152  tasks.o(.text)
    xTaskNotifyStateClear                    0x08003457   Thumb Code    48  tasks.o(.text)
    ulTaskNotifyValueClear                   0x08003487   Thumb Code    46  tasks.o(.text)
    pxPortInitialiseStack                    0x080034e7   Thumb Code    30  port.o(.text)
    vPortSetupTimerInterrupt                 0x08003505   Thumb Code    20  port.o(.text)
    xPortStartScheduler                      0x08003519   Thumb Code    42  port.o(.text)
    vPortEndScheduler                        0x08003543   Thumb Code     2  port.o(.text)
    vPortEnterCritical                       0x08003545   Thumb Code    30  port.o(.text)
    vPortExitCritical                        0x08003563   Thumb Code    28  port.o(.text)
    xPortSysTickHandler                      0x0800357f   Thumb Code    48  port.o(.text)
    pvPortMalloc                             0x08003683   Thumb Code   198  heap_4.o(.text)
    vPortFree                                0x08003749   Thumb Code    74  heap_4.o(.text)
    xPortGetFreeHeapSize                     0x08003793   Thumb Code     6  heap_4.o(.text)
    xPortGetMinimumEverFreeHeapSize          0x08003799   Thumb Code     6  heap_4.o(.text)
    vPortInitialiseBlocks                    0x0800379f   Thumb Code     2  heap_4.o(.text)
    vPortGetHeapStats                        0x080037a1   Thumb Code   104  heap_4.o(.text)
    uart1_init                               0x08003829   Thumb Code   160  usart1.o(.text)
    fputc                                    0x080038c9   Thumb Code    32  usart1.o(.text)
    USART1_Putc                              0x080038e9   Thumb Code    28  usart1.o(.text)
    USART1_Puts                              0x08003905   Thumb Code    38  usart1.o(.text)
    TIM4_Set                                 0x08003939   Thumb Code    34  usart2.o(.text)
    TIM4_Init                                0x0800395b   Thumb Code    80  usart2.o(.text)
    uart2_init                               0x080039ab   Thumb Code   172  usart2.o(.text)
    TIM4_IRQHandler                          0x08003a57   Thumb Code    34  usart2.o(.text)
    TIM4_SetARR                              0x08003a79   Thumb Code    36  usart2.o(.text)
    USART2_IRQHandler                        0x08003a9d   Thumb Code    74  usart2.o(.text)
    find_string                              0x08003ae7   Thumb Code    46  usart2.o(.text)
    clear_USART2_RX_buf                      0x08003b15   Thumb Code    26  usart2.o(.text)
    Uart2__Service                           0x08003b2f   Thumb Code   382  usart2.o(.text)
    Float_To_U32                             0x08003d75   Thumb Code    28  usart3.o(.text)
    Modbus_RegMap                            0x08003d91   Thumb Code   160  usart3.o(.text)
    Timer7_Init                              0x08003e31   Thumb Code    98  usart3.o(.text)
    uart3_init                               0x08003e93   Thumb Code   166  usart3.o(.text)
    getCRC16                                 0x08003f39   Thumb Code    62  usart3.o(.text)
    TIM2_IRQHandler                          0x08003f77   Thumb Code    38  usart3.o(.text)
    USART3_IRQHandler                        0x08003f9d   Thumb Code    98  usart3.o(.text)
    RJ45_SendData                            0x08003fff   Thumb Code    58  usart3.o(.text)
    Modbus_16_Solve                          0x08004039   Thumb Code   222  usart3.o(.text)
    Modbus_Function_6                        0x08004117   Thumb Code   292  usart3.o(.text)
    Modbus_15_Solve                          0x0800423b   Thumb Code   240  usart3.o(.text)
    Modbus_05_Solve                          0x0800432b   Thumb Code   164  usart3.o(.text)
    Modbus_03_Solve                          0x080043cf   Thumb Code   232  usart3.o(.text)
    Modbus_02_Solve                          0x080044b7   Thumb Code   408  usart3.o(.text)
    Modbus_01_Solve                          0x0800464f   Thumb Code   372  usart3.o(.text)
    Modbus_Service                           0x080047c3   Thumb Code   412  usart3.o(.text)
    Modbus_06_Solve                          0x0800495f   Thumb Code   166  usart3.o(.text)
    LED_Init                                 0x08004a05   Thumb Code    50  led.o(.text)
    Adc_TIM3_Init                            0x08004a3d   Thumb Code    90  adc.o(.text)
    Adc_DMA_Iint                             0x08004a97   Thumb Code    82  adc.o(.text)
    Adc_Config                               0x08004ae9   Thumb Code   182  adc.o(.text)
    Adc_GPIO_Init                            0x08004b9f   Thumb Code    34  adc.o(.text)
    Adc_Init                                 0x08004bc1   Thumb Code    20  adc.o(.text)
    TIM3_IRQHandler                          0x08004bd5   Thumb Code   260  adc.o(.text)
    ConvertData                              0x08004cd9   Thumb Code    16  adc.o(.text)
    vTask1                                   0x08004d19   Thumb Code   106  main.o(.text)
    vTask2                                   0x08004d83   Thumb Code    16  main.o(.text)
    vTask3                                   0x08004d93   Thumb Code     2  main.o(.text)
    main                                     0x08004d95   Thumb Code    60  main.o(.text)
    USART1_IRQHandler                        0x08004dd1   Thumb Code    32  main.o(.text)
    __aeabi_memset                           0x08004e45   Thumb Code    14  memseta.o(.text)
    __aeabi_memset4                          0x08004e45   Thumb Code     0  memseta.o(.text)
    __aeabi_memset8                          0x08004e45   Thumb Code     0  memseta.o(.text)
    __aeabi_memclr                           0x08004e53   Thumb Code     4  memseta.o(.text)
    __aeabi_memclr4                          0x08004e53   Thumb Code     0  memseta.o(.text)
    __aeabi_memclr8                          0x08004e53   Thumb Code     0  memseta.o(.text)
    _memset$wrapper                          0x08004e57   Thumb Code    18  memseta.o(.text)
    strstr                                   0x08004e69   Thumb Code    36  strstr.o(.text)
    strlen                                   0x08004e8d   Thumb Code    14  strlen.o(.text)
    __aeabi_dmul                             0x08004e9b   Thumb Code   228  dmul.o(.text)
    __aeabi_ddiv                             0x08004f7f   Thumb Code   222  ddiv.o(.text)
    __aeabi_ui2d                             0x0800505d   Thumb Code    26  dfltui.o(.text)
    __aeabi_d2f                              0x08005077   Thumb Code    56  d2f.o(.text)
    __strtod_int                             0x080050e7   Thumb Code    90  strtod.o(.text)
    __I$use$fp                               0x0800514d   Thumb Code     0  iusefp.o(.text)
    _float_round                             0x0800514d   Thumb Code    18  fepilogue.o(.text)
    _float_epilogue                          0x0800515f   Thumb Code    92  fepilogue.o(.text)
    _double_round                            0x080051bb   Thumb Code    30  depilogue.o(.text)
    _double_epilogue                         0x080051d9   Thumb Code   156  depilogue.o(.text)
    __scatterload                            0x08005275   Thumb Code    28  init.o(.text)
    __scatterload_rt2                        0x08005275   Thumb Code     0  init.o(.text)
    __aeabi_llsl                             0x08005299   Thumb Code    30  llshl.o(.text)
    _ll_shift_l                              0x08005299   Thumb Code     0  llshl.o(.text)
    __aeabi_llsr                             0x080052b7   Thumb Code    32  llushr.o(.text)
    _ll_ushift_r                             0x080052b7   Thumb Code     0  llushr.o(.text)
    isspace                                  0x080052d7   Thumb Code    10  isspace_c.o(.text)
    _scanf_real                              0x08005409   Thumb Code     0  scanf_fp.o(.text)
    _scanf_really_real                       0x08005409   Thumb Code   556  scanf_fp.o(.text)
    _sgetc                                   0x08005641   Thumb Code    30  _sgetc.o(.text)
    _sbackspace                              0x0800565f   Thumb Code    34  _sgetc.o(.text)
    __ctype_lookup                           0x08005681   Thumb Code    34  ctype_c.o(.text)
    __aeabi_ul2d                             0x080056a9   Thumb Code    24  dfltul.o(.text)
    __0printf$2                              0x080056c1   Thumb Code    22  printf2.o(i.__0printf$2)
    __1printf$2                              0x080056c1   Thumb Code     0  printf2.o(i.__0printf$2)
    __2printf                                0x080056c1   Thumb Code     0  printf2.o(i.__0printf$2)
    __scatterload_copy                       0x080056e1   Thumb Code    14  handlers.o(i.__scatterload_copy)
    __scatterload_null                       0x080056ef   Thumb Code     2  handlers.o(i.__scatterload_null)
    __scatterload_zeroinit                   0x080056f1   Thumb Code    14  handlers.o(i.__scatterload_zeroinit)
    _is_digit                                0x080056ff   Thumb Code    14  scanf_fp.o(i._is_digit)
    strtod                                   0x080057e3   Thumb Code    28  strtod.o(i.strtod)
    __ctype_categories                       0x080057fe   Data          64  ctype_c.o(.constdata)
    Region$$Table$$Base                      0x08005840   Number         0  anon$$obj.o(Region$$Table)
    Region$$Table$$Limit                     0x08005860   Number         0  anon$$obj.o(Region$$Table)
    SystemCoreClock                          0x20000000   Data           4  system_stm32f10x.o(.data)
    AHBPrescTable                            0x20000004   Data          16  system_stm32f10x.o(.data)
    pxCurrentTCB                             0x20000028   Data           4  tasks.o(.data)
    RxCounter2                               0x20000088   Data           1  usart2.o(.data)
    uart2_r_Flg                              0x20000089   Data           1  usart2.o(.data)
    Run_Status                               0x2000008a   Data           2  usart2.o(.data)
    USART3_TxCounter                         0x2000008c   Data           4  usart3.o(.data)
    USART3_RxCounter                         0x20000090   Data           4  usart3.o(.data)
    RJ45_Frame_Distance                      0x20000094   Data           2  usart3.o(.data)
    uart3_r_Flg                              0x20000096   Data           1  usart3.o(.data)
    USART_FrameFlag                          0x20000097   Data           1  usart3.o(.data)
    SendCmd                                  0x20000098   Data           2  usart3.o(.data)
    USART_RX_STA                             0x2000009a   Data           2  usart3.o(.data)
    startRegAddr                             0x2000009c   Data           2  usart3.o(.data)
    RegNum                                   0x2000009e   Data           2  usart3.o(.data)
    calCRC                                   0x200000a0   Data           2  usart3.o(.data)
    Timer_3_index                            0x200000a4   Data           1  adc.o(.data)
    Timer_3_OK_Flg                           0x200000a5   Data           1  adc.o(.data)
    Sensor_index                             0x200000a8   Data           4  adc.o(.data)
    __stdout                                 0x200000ac   Data           4  stdout.o(.data)
    USART2_RX_BUF                            0x20002978   Data         100  usart2.o(.bss)
    USART2_TX_BUF                            0x200029dc   Data         100  usart2.o(.bss)
    USART3_RX_BUF                            0x20002a40   Data         200  usart3.o(.bss)
    USART3_TX_BUF                            0x20002b08   Data         200  usart3.o(.bss)
    Modbus_InputIO                           0x20002bd0   Data         400  usart3.o(.bss)
    Modbus_OutputIO                          0x20002d60   Data         400  usart3.o(.bss)
    Modbus_HoldReg                           0x20002ef0   Data         400  usart3.o(.bss)
    Modbus_Float                             0x20003080   Data          28  usart3.o(.bss)
    Adc_Data                                 0x2000309c   Data          12  adc.o(.bss)
    AD_Value                                 0x200030a8   Data          12  adc.o(.bss)
    __initial_sp                             0x200034b8   Data           0  startup_stm32f10x_md.o(STACK)



==============================================================================

Memory Map of the image

  Image Entry point : 0x080000ed

  Load Region LR_IROM1 (Base: 0x08000000, Size: 0x00005910, Max: 0x00010000, ABSOLUTE)

    Execution Region ER_IROM1 (Exec base: 0x08000000, Load base: 0x08000000, Size: 0x00005860, Max: 0x00010000, ABSOLUTE)

    Exec Addr    Load Addr    Size         Type   Attr      Idx    E Section Name        Object

    0x08000000   0x08000000   0x000000ec   Data   RO           44    RESET               startup_stm32f10x_md.o
    0x080000ec   0x080000ec   0x00000000   Code   RO          693  * .ARM.Collect$$$$00000000  mc_w.l(entry.o)
    0x080000ec   0x080000ec   0x00000004   Code   RO          975    .ARM.Collect$$$$00000001  mc_w.l(entry2.o)
    0x080000f0   0x080000f0   0x00000004   Code   RO          978    .ARM.Collect$$$$00000004  mc_w.l(entry5.o)
    0x080000f4   0x080000f4   0x00000000   Code   RO          980    .ARM.Collect$$$$00000008  mc_w.l(entry7b.o)
    0x080000f4   0x080000f4   0x00000000   Code   RO          982    .ARM.Collect$$$$0000000A  mc_w.l(entry8b.o)
    0x080000f4   0x080000f4   0x00000008   Code   RO          983    .ARM.Collect$$$$0000000B  mc_w.l(entry9a.o)
    0x080000fc   0x080000fc   0x00000004   Code   RO          990    .ARM.Collect$$$$0000000E  mc_w.l(entry12b.o)
    0x08000100   0x08000100   0x00000000   Code   RO          985    .ARM.Collect$$$$0000000F  mc_w.l(entry10a.o)
    0x08000100   0x08000100   0x00000000   Code   RO          987    .ARM.Collect$$$$00000011  mc_w.l(entry11a.o)
    0x08000100   0x08000100   0x00000004   Code   RO          976    .ARM.Collect$$$$00002712  mc_w.l(entry2.o)
    0x08000104   0x08000104   0x00000096   Code   RO          506    .emb_text           port.o
    0x0800019a   0x0800019a   0x00000002   PAD
    0x0800019c   0x0800019c   0x000001e0   Code   RO           17    .text               system_stm32f10x.o
    0x0800037c   0x0800037c   0x00000024   Code   RO           45    .text               startup_stm32f10x_md.o
    0x080003a0   0x080003a0   0x000000dc   Code   RO           49    .text               misc.o
    0x0800047c   0x0800047c   0x0000044e   Code   RO           68    .text               stm32f10x_adc.o
    0x080008ca   0x080008ca   0x00000002   PAD
    0x080008cc   0x080008cc   0x00000254   Code   RO          176    .text               stm32f10x_dma.o
    0x08000b20   0x08000b20   0x0000035c   Code   RO          236    .text               stm32f10x_gpio.o
    0x08000e7c   0x08000e7c   0x000003a4   Code   RO          296    .text               stm32f10x_rcc.o
    0x08001220   0x08001220   0x00000e1a   Code   RO          355    .text               stm32f10x_tim.o
    0x0800203a   0x0800203a   0x00000002   PAD
    0x0800203c   0x0800203c   0x00000408   Code   RO          370    .text               stm32f10x_usart.o
    0x08002444   0x08002444   0x00000094   Code   RO          400    .text               list.o
    0x080024d8   0x080024d8   0x00000ff8   Code   RO          472    .text               tasks.o
    0x080034d0   0x080034d0   0x000000f0   Code   RO          507    .text               port.o
    0x080035c0   0x080035c0   0x00000268   Code   RO          542    .text               heap_4.o
    0x08003828   0x08003828   0x00000110   Code   RO          560    .text               usart1.o
    0x08003938   0x08003938   0x0000043c   Code   RO          579    .text               usart2.o
    0x08003d74   0x08003d74   0x00000c90   Code   RO          607    .text               usart3.o
    0x08004a04   0x08004a04   0x00000038   Code   RO          624    .text               led.o
    0x08004a3c   0x08004a3c   0x000002dc   Code   RO          639    .text               adc.o
    0x08004d18   0x08004d18   0x0000012c   Code   RO          662    .text               main.o
    0x08004e44   0x08004e44   0x00000024   Code   RO          698    .text               mc_w.l(memseta.o)
    0x08004e68   0x08004e68   0x00000024   Code   RO          700    .text               mc_w.l(strstr.o)
    0x08004e8c   0x08004e8c   0x0000000e   Code   RO          702    .text               mc_w.l(strlen.o)
    0x08004e9a   0x08004e9a   0x000000e4   Code   RO          967    .text               mf_w.l(dmul.o)
    0x08004f7e   0x08004f7e   0x000000de   Code   RO          969    .text               mf_w.l(ddiv.o)
    0x0800505c   0x0800505c   0x0000001a   Code   RO          971    .text               mf_w.l(dfltui.o)
    0x08005076   0x08005076   0x00000038   Code   RO          973    .text               mf_w.l(d2f.o)
    0x080050ae   0x080050ae   0x00000002   PAD
    0x080050b0   0x080050b0   0x0000009c   Code   RO          996    .text               mc_w.l(strtod.o)
    0x0800514c   0x0800514c   0x00000000   Code   RO          998    .text               mc_w.l(iusefp.o)
    0x0800514c   0x0800514c   0x0000006e   Code   RO          999    .text               mf_w.l(fepilogue.o)
    0x080051ba   0x080051ba   0x000000ba   Code   RO         1001    .text               mf_w.l(depilogue.o)
    0x08005274   0x08005274   0x00000024   Code   RO         1009    .text               mc_w.l(init.o)
    0x08005298   0x08005298   0x0000001e   Code   RO         1011    .text               mc_w.l(llshl.o)
    0x080052b6   0x080052b6   0x00000020   Code   RO         1013    .text               mc_w.l(llushr.o)
    0x080052d6   0x080052d6   0x0000000a   Code   RO         1017    .text               mc_w.l(isspace_c.o)
    0x080052e0   0x080052e0   0x00000360   Code   RO         1019    .text               mc_w.l(scanf_fp.o)
    0x08005640   0x08005640   0x00000040   Code   RO         1023    .text               mc_w.l(_sgetc.o)
    0x08005680   0x08005680   0x00000028   Code   RO         1025    .text               mc_w.l(ctype_c.o)
    0x080056a8   0x080056a8   0x00000018   Code   RO         1028    .text               mf_w.l(dfltul.o)
    0x080056c0   0x080056c0   0x00000020   Code   RO          773    i.__0printf$2       mc_w.l(printf2.o)
    0x080056e0   0x080056e0   0x0000000e   Code   RO         1032    i.__scatterload_copy  mc_w.l(handlers.o)
    0x080056ee   0x080056ee   0x00000002   Code   RO         1033    i.__scatterload_null  mc_w.l(handlers.o)
    0x080056f0   0x080056f0   0x0000000e   Code   RO         1034    i.__scatterload_zeroinit  mc_w.l(handlers.o)
    0x080056fe   0x080056fe   0x0000000e   Code   RO         1021    i._is_digit         mc_w.l(scanf_fp.o)
    0x0800570c   0x0800570c   0x000000d6   Code   RO          780    i._printf_core      mc_w.l(printf2.o)
    0x080057e2   0x080057e2   0x0000001c   Code   RO          690    i.strtod            m_ws.l(strtod.o)
    0x080057fe   0x080057fe   0x00000040   Data   RO         1026    .constdata          mc_w.l(ctype_c.o)
    0x0800583e   0x0800583e   0x00000002   PAD
    0x08005840   0x08005840   0x00000020   Data   RO         1030    Region$$Table       anon$$obj.o


    Execution Region RW_IRAM1 (Exec base: 0x20000000, Load base: 0x08005860, Size: 0x000034b8, Max: 0x00005000, ABSOLUTE)

    Exec Addr    Load Addr    Size         Type   Attr      Idx    E Section Name        Object

    0x20000000   0x08005860   0x00000014   Data   RW           18    .data               system_stm32f10x.o
    0x20000014   0x08005874   0x00000014   Data   RW          297    .data               stm32f10x_rcc.o
    0x20000028   0x08005888   0x0000003c   Data   RW          474    .data               tasks.o
    0x20000064   0x080058c4   0x00000004   Data   RW          508    .data               port.o
    0x20000068   0x080058c8   0x00000020   Data   RW          544    .data               heap_4.o
    0x20000088   0x080058e8   0x00000004   Data   RW          581    .data               usart2.o
    0x2000008c   0x080058ec   0x00000016   Data   RW          609    .data               usart3.o
    0x200000a2   0x08005902   0x00000002   PAD
    0x200000a4   0x08005904   0x00000008   Data   RW          641    .data               adc.o
    0x200000ac   0x0800590c   0x00000004   Data   RW          991    .data               mc_w.l(stdout.o)
    0x200000b0        -       0x000000c8   Zero   RW          473    .bss                tasks.o
    0x20000178        -       0x00002800   Zero   RW          543    .bss                heap_4.o
    0x20002978        -       0x000000c8   Zero   RW          580    .bss                usart2.o
    0x20002a40        -       0x0000065c   Zero   RW          608    .bss                usart3.o
    0x2000309c        -       0x00000018   Zero   RW          640    .bss                adc.o
    0x200030b4   0x08005910   0x00000004   PAD
    0x200030b8        -       0x00000400   Zero   RW           42    STACK               startup_stm32f10x_md.o


==============================================================================

Image component sizes


      Code (inc. data)   RO Data    RW Data    ZI Data      Debug   Object Name

       732         48          0          8         24      12345   adc.o
         0          0          0          0          0       4556   core_cm3.o
       616         32          0         32      10240       3646   heap_4.o
        56          6          0          0          0        447   led.o
       148          0          0          0          0      11330   list.o
       300         90          0          0          0       1158   main.o
       220         22          0          0          0       3389   misc.o
       390         30          0          4          0       6864   port.o
        36          8        236          0       1024        788   startup_stm32f10x_md.o
      1102         26          0          0          0      28697   stm32f10x_adc.o
       596          8          0          0          0      14098   stm32f10x_dma.o
       860         38          0          0          0      13997   stm32f10x_gpio.o
       932         36          0         20          0       8808   stm32f10x_rcc.o
      3610         88          0          0          0      43096   stm32f10x_tim.o
      1032         22          0          0          0      14408   stm32f10x_usart.o
       480         38          0         20          0     203363   system_stm32f10x.o
      4088        260          0         60        200      27577   tasks.o
       272         14          0          0          0       2519   usart1.o
      1084        200          0          4        200       3529   usart2.o
      3216        132          0         22       1628       6378   usart3.o

    ----------------------------------------------------------------------
     19776       1098        268        172      13320     410993   Object Totals
         0          0         32          0          0          0   (incl. Generated)
         6          0          0          2          4          0   (incl. Padding)

    ----------------------------------------------------------------------

      Code (inc. data)   RO Data    RW Data    ZI Data      Debug   Library Member Name

        28          0          0          0          0         80   strtod.o
        64          0          0          0          0         84   _sgetc.o
        40          6         64          0          0         68   ctype_c.o
         0          0          0          0          0          0   entry.o
         0          0          0          0          0          0   entry10a.o
         0          0          0          0          0          0   entry11a.o
         4          0          0          0          0          0   entry12b.o
         8          4          0          0          0          0   entry2.o
         4          0          0          0          0          0   entry5.o
         0          0          0          0          0          0   entry7b.o
         0          0          0          0          0          0   entry8b.o
         8          4          0          0          0          0   entry9a.o
        30          0          0          0          0          0   handlers.o
        36          8          0          0          0         68   init.o
        10          0          0          0          0         68   isspace_c.o
         0          0          0          0          0          0   iusefp.o
        30          0          0          0          0         68   llshl.o
        32          0          0          0          0         68   llushr.o
        36          0          0          0          0        108   memseta.o
       246         10          0          0          0        176   printf2.o
       878         12          0          0          0        216   scanf_fp.o
         0          0          0          4          0          0   stdout.o
        14          0          0          0          0         68   strlen.o
        36          0          0          0          0         80   strstr.o
       156         12          0          0          0        120   strtod.o
        56          0          0          0          0         88   d2f.o
       222          0          0          0          0        100   ddiv.o
       186          0          0          0          0        176   depilogue.o
        26          0          0          0          0         76   dfltui.o
        24          0          0          0          0         76   dfltul.o
       228          0          0          0          0         96   dmul.o
       110          0          0          0          0        168   fepilogue.o

    ----------------------------------------------------------------------
      2514         56         66          4          0       2052   Library Totals
         2          0          2          0          0          0   (incl. Padding)

    ----------------------------------------------------------------------

      Code (inc. data)   RO Data    RW Data    ZI Data      Debug   Library Name

        28          0          0          0          0         80   m_ws.l
      1632         56         64          4          0       1192   mc_w.l
       852          0          0          0          0        780   mf_w.l

    ----------------------------------------------------------------------
      2514         56         66          4          0       2052   Library Totals

    ----------------------------------------------------------------------

==============================================================================


      Code (inc. data)   RO Data    RW Data    ZI Data      Debug   

     22290       1154        334        176      13320     410077   Grand Totals
     22290       1154        334        176      13320     410077   ELF Image Totals
     22290       1154        334        176          0          0   ROM Totals

==============================================================================

    Total RO  Size (Code + RO Data)                22624 (  22.09kB)
    Total RW  Size (RW Data + ZI Data)             13496 (  13.18kB)
    Total ROM Size (Code + RO Data + RW Data)      22800 (  22.27kB)

==============================================================================

