<html>
<body>
<pre>
<h1>礦ision Build Log</h1>
<h2>Project:</h2>
C:\Users\nie ta\Desktop\STM32F103C8T6_FreeRTOS初始模板\Project\STM32F10x_RTOS.uvproj
Project File Date:  09/04/2020

<h2>Output:</h2>
Build target 'Target 1'
compiling main.c...
linking...
Program Size: Code=9512 RO-data=268 RW-data=140 ZI-data=18636  
".\Objects\STM32F10x_RTOS.axf" - 0 Error(s), 0 Warning(s).
Load "C:\\Users\\nie ta\\Desktop\\STM32F103C8T6_FreeRTOS初始模板\\Project\\Objects\\STM32F10x_RTOS.AXF" 
Erase Done.
Programming Done.
Verify OK.
Application running ...
